🧹 Cleaning previous builds...
📦 Building SHWireGuardKit for iOS Device...
Command line invocation:
    /Applications/Xcode.app/Contents/Developer/usr/bin/xcodebuild -scheme SHWireGuardKitiOS -sdk iphoneos -configuration Release BUILD_DIR=/Users/bhanu/Documents/Himanshu/SHWireGuardKit/build SYMROOT=/Users/bhanu/Documents/Himanshu/SHWireGuardKit/build OBJROOT=/Users/bhanu/Documents/Himanshu/SHWireGuardKit/build clean build

Build settings from command line:
    BUILD_DIR = /Users/bhanu/Documents/Himanshu/SHWireGuardKit/build
    OBJROOT = /Users/bhanu/Documents/Himanshu/SHWireGuardKit/build
    SDKROOT = iphoneos18.4
    SYMROOT = /Users/bhanu/Documents/Himanshu/SHWireGuardKit/build

--- xcodebuild: WARNING: Using the first of multiple matching destinations:
{ platform:iOS, id:dvtdevice-DVTiPhonePlaceholder-iphoneos:placeholder, name:Any iOS Device }
{ platform:iOS, arch:arm64, id:00008030-001660C03C05402E, name:Iphone SE Black }
{ platform:iOS, id:00008030-000458210C50402E, name:iPhoneSE, error:iPhoneSE is not connected Xcode will continue when iPhoneSE is connected and unlocked. }
{ platform:macOS, arch:x86_64, variant:Mac Catalyst, id:27993C5B-CA3C-5E2A-B046-EFFF5F5B3852, name:My Mac }
{ platform:iOS Simulator, id:dvtdevice-DVTiOSDeviceSimulatorPlaceholder-iphonesimulator:placeholder, name:Any iOS Simulator Device }
{ platform:macOS, variant:Mac Catalyst, name:Any Mac }
{ platform:iOS Simulator, arch:arm64, id:D8340EB2-E7C9-47A1-B00C-0C009910EF89, OS:17.2, name:iPad (10th generation) }
{ platform:iOS Simulator, arch:x86_64, id:D8340EB2-E7C9-47A1-B00C-0C009910EF89, OS:17.2, name:iPad (10th generation) }
{ platform:iOS Simulator, arch:arm64, id:89A28ACD-7B76-444A-8AAC-FBEB0C0922E4, OS:18.0, name:iPad (10th generation) }
{ platform:iOS Simulator, arch:x86_64, id:89A28ACD-7B76-444A-8AAC-FBEB0C0922E4, OS:18.0, name:iPad (10th generation) }
{ platform:iOS Simulator, arch:arm64, id:C3E9EF9D-2B76-4512-86ED-F529FAD26CA6, OS:18.2, name:iPad (10th generation) }
{ platform:iOS Simulator, arch:x86_64, id:C3E9EF9D-2B76-4512-86ED-F529FAD26CA6, OS:18.2, name:iPad (10th generation) }
{ platform:iOS Simulator, arch:arm64, id:3F774549-6F25-4A0E-A82F-250FFECD7BDC, OS:18.4, name:iPad (10th generation) }
{ platform:iOS Simulator, arch:x86_64, id:3F774549-6F25-4A0E-A82F-250FFECD7BDC, OS:18.4, name:iPad (10th generation) }
{ platform:iOS Simulator, arch:arm64, id:C882427F-4EC3-4495-BD08-FC4543CB6BEC, OS:18.4, name:iPad (A16) }
{ platform:iOS Simulator, arch:x86_64, id:C882427F-4EC3-4495-BD08-FC4543CB6BEC, OS:18.4, name:iPad (A16) }
{ platform:iOS Simulator, arch:arm64, id:55BDDE0E-0F99-433A-B280-521DD28A2AA5, OS:17.2, name:iPad Air (5th generation) }
{ platform:iOS Simulator, arch:x86_64, id:55BDDE0E-0F99-433A-B280-521DD28A2AA5, OS:17.2, name:iPad Air (5th generation) }
{ platform:iOS Simulator, arch:arm64, id:EC2A824D-51B7-40A3-8F4E-DBF60148C2AF, OS:18.0, name:iPad Air (5th generation) }
{ platform:iOS Simulator, arch:x86_64, id:EC2A824D-51B7-40A3-8F4E-DBF60148C2AF, OS:18.0, name:iPad Air (5th generation) }
{ platform:iOS Simulator, arch:arm64, id:63D3C246-DA32-4B0C-95BC-AD57EB68577C, OS:18.2, name:iPad Air (5th generation) }
{ platform:iOS Simulator, arch:x86_64, id:63D3C246-DA32-4B0C-95BC-AD57EB68577C, OS:18.2, name:iPad Air (5th generation) }
{ platform:iOS Simulator, arch:arm64, id:F88E6DA7-C36F-4644-8A14-4AF47C2AE2E5, OS:18.4, name:iPad Air (5th generation) }
{ platform:iOS Simulator, arch:x86_64, id:F88E6DA7-C36F-4644-8A14-4AF47C2AE2E5, OS:18.4, name:iPad Air (5th generation) }
{ platform:iOS Simulator, arch:arm64, id:2B7AF2CF-019D-42C1-B355-9AB44D71C93E, OS:18.0, name:iPad Air 11-inch (M2) }
{ platform:iOS Simulator, arch:x86_64, id:2B7AF2CF-019D-42C1-B355-9AB44D71C93E, OS:18.0, name:iPad Air 11-inch (M2) }
{ platform:iOS Simulator, arch:arm64, id:97AF06A4-803D-45B1-A87B-9B2F300D5FD8, OS:18.2, name:iPad Air 11-inch (M2) }
{ platform:iOS Simulator, arch:x86_64, id:97AF06A4-803D-45B1-A87B-9B2F300D5FD8, OS:18.2, name:iPad Air 11-inch (M2) }
{ platform:iOS Simulator, arch:arm64, id:ED5FC584-2AED-4AD9-ADFB-17205BA71A59, OS:18.4, name:iPad Air 11-inch (M3) }
{ platform:iOS Simulator, arch:x86_64, id:ED5FC584-2AED-4AD9-ADFB-17205BA71A59, OS:18.4, name:iPad Air 11-inch (M3) }
{ platform:iOS Simulator, arch:arm64, id:E247B3A6-14FA-46AB-90FF-707CA4DE8647, OS:18.0, name:iPad Air 13-inch (M2) }
{ platform:iOS Simulator, arch:x86_64, id:E247B3A6-14FA-46AB-90FF-707CA4DE8647, OS:18.0, name:iPad Air 13-inch (M2) }
{ platform:iOS Simulator, arch:arm64, id:956266D0-D989-4B2B-822D-B6B655488324, OS:18.2, name:iPad Air 13-inch (M2) }
{ platform:iOS Simulator, arch:x86_64, id:956266D0-D989-4B2B-822D-B6B655488324, OS:18.2, name:iPad Air 13-inch (M2) }
{ platform:iOS Simulator, arch:arm64, id:A1090FFA-E26F-4B2D-A3EC-288C9875FD5B, OS:18.4, name:iPad Air 13-inch (M3) }
{ platform:iOS Simulator, arch:x86_64, id:A1090FFA-E26F-4B2D-A3EC-288C9875FD5B, OS:18.4, name:iPad Air 13-inch (M3) }
{ platform:iOS Simulator, arch:arm64, id:C8D7CEEE-75B4-44F5-A414-0D5E20D8DA58, OS:17.2, name:iPad Pro (11-inch) (4th generation) }
{ platform:iOS Simulator, arch:x86_64, id:C8D7CEEE-75B4-44F5-A414-0D5E20D8DA58, OS:17.2, name:iPad Pro (11-inch) (4th generation) }
{ platform:iOS Simulator, arch:arm64, id:BBE622D7-B08C-4595-A27C-F05557C274BA, OS:18.0, name:iPad Pro (11-inch) (4th generation) }
{ platform:iOS Simulator, arch:x86_64, id:BBE622D7-B08C-4595-A27C-F05557C274BA, OS:18.0, name:iPad Pro (11-inch) (4th generation) }
{ platform:iOS Simulator, arch:arm64, id:163CA54C-BB39-4A6E-A850-5D2E29AF39D2, OS:18.2, name:iPad Pro (11-inch) (4th generation) }
{ platform:iOS Simulator, arch:x86_64, id:163CA54C-BB39-4A6E-A850-5D2E29AF39D2, OS:18.2, name:iPad Pro (11-inch) (4th generation) }
{ platform:iOS Simulator, arch:arm64, id:E1CA01D8-8F9E-4DAB-87D3-F9ECC1B103BD, OS:18.4, name:iPad Pro (11-inch) (4th generation) }
{ platform:iOS Simulator, arch:x86_64, id:E1CA01D8-8F9E-4DAB-87D3-F9ECC1B103BD, OS:18.4, name:iPad Pro (11-inch) (4th generation) }
{ platform:iOS Simulator, arch:arm64, id:57A441E8-0B5B-4976-9F01-A0AC3B63FE22, OS:17.2, name:iPad Pro (12.9-inch) (6th generation) }
{ platform:iOS Simulator, arch:x86_64, id:57A441E8-0B5B-4976-9F01-A0AC3B63FE22, OS:17.2, name:iPad Pro (12.9-inch) (6th generation) }
{ platform:iOS Simulator, arch:arm64, id:48D4AC43-8DDC-49CE-9822-D243FE157A15, OS:18.0, name:iPad Pro (12.9-inch) (6th generation) }
{ platform:iOS Simulator, arch:x86_64, id:48D4AC43-8DDC-49CE-9822-D243FE157A15, OS:18.0, name:iPad Pro (12.9-inch) (6th generation) }
{ platform:iOS Simulator, arch:arm64, id:7390CAC3-9A39-4A16-8FFB-A2CA8DB95176, OS:18.2, name:iPad Pro (12.9-inch) (6th generation) }
{ platform:iOS Simulator, arch:x86_64, id:7390CAC3-9A39-4A16-8FFB-A2CA8DB95176, OS:18.2, name:iPad Pro (12.9-inch) (6th generation) }
{ platform:iOS Simulator, arch:arm64, id:34030AB0-5C96-4290-8B10-1D90B3E11CA2, OS:18.4, name:iPad Pro (12.9-inch) (6th generation) }
{ platform:iOS Simulator, arch:x86_64, id:34030AB0-5C96-4290-8B10-1D90B3E11CA2, OS:18.4, name:iPad Pro (12.9-inch) (6th generation) }
{ platform:iOS Simulator, arch:arm64, id:892A3B7E-F795-4EED-ABBB-CD9894D126B9, OS:18.0, name:iPad Pro 11-inch (M4) }
{ platform:iOS Simulator, arch:x86_64, id:892A3B7E-F795-4EED-ABBB-CD9894D126B9, OS:18.0, name:iPad Pro 11-inch (M4) }
{ platform:iOS Simulator, arch:arm64, id:22D97920-5D2F-4E53-B1C9-74D2DF8EC8EC, OS:18.2, name:iPad Pro 11-inch (M4) }
{ platform:iOS Simulator, arch:x86_64, id:22D97920-5D2F-4E53-B1C9-74D2DF8EC8EC, OS:18.2, name:iPad Pro 11-inch (M4) }
{ platform:iOS Simulator, arch:arm64, id:095FBD7B-1358-4CE6-ADB7-BC9471DBAAB0, OS:18.4, name:iPad Pro 11-inch (M4) }
{ platform:iOS Simulator, arch:x86_64, id:095FBD7B-1358-4CE6-ADB7-BC9471DBAAB0, OS:18.4, name:iPad Pro 11-inch (M4) }
{ platform:iOS Simulator, arch:arm64, id:D00CCC6F-B4BE-493D-BDCB-C8DEF644CA7A, OS:18.0, name:iPad Pro 13-inch (M4) }
{ platform:iOS Simulator, arch:x86_64, id:D00CCC6F-B4BE-493D-BDCB-C8DEF644CA7A, OS:18.0, name:iPad Pro 13-inch (M4) }
{ platform:iOS Simulator, arch:arm64, id:8007D368-2A77-4E0F-8A3B-432107E47424, OS:18.2, name:iPad Pro 13-inch (M4) }
{ platform:iOS Simulator, arch:x86_64, id:8007D368-2A77-4E0F-8A3B-432107E47424, OS:18.2, name:iPad Pro 13-inch (M4) }
{ platform:iOS Simulator, arch:arm64, id:03AE767A-EF4A-4BAF-8900-D7E062162AF3, OS:18.4, name:iPad Pro 13-inch (M4) }
{ platform:iOS Simulator, arch:x86_64, id:03AE767A-EF4A-4BAF-8900-D7E062162AF3, OS:18.4, name:iPad Pro 13-inch (M4) }
{ platform:iOS Simulator, arch:arm64, id:2F0E2636-EAE9-4630-B00D-8C9D627F3C49, OS:17.2, name:iPad mini (6th generation) }
{ platform:iOS Simulator, arch:x86_64, id:2F0E2636-EAE9-4630-B00D-8C9D627F3C49, OS:17.2, name:iPad mini (6th generation) }
{ platform:iOS Simulator, arch:arm64, id:6E04243F-B908-4BDE-B2CE-4685D92FC770, OS:18.0, name:iPad mini (6th generation) }
{ platform:iOS Simulator, arch:x86_64, id:6E04243F-B908-4BDE-B2CE-4685D92FC770, OS:18.0, name:iPad mini (6th generation) }
{ platform:iOS Simulator, arch:arm64, id:AAC1630A-7EB8-4F8A-8734-BE9122C86DAC, OS:18.2, name:iPad mini (6th generation) }
{ platform:iOS Simulator, arch:x86_64, id:AAC1630A-7EB8-4F8A-8734-BE9122C86DAC, OS:18.2, name:iPad mini (6th generation) }
{ platform:iOS Simulator, arch:arm64, id:3B1D6BF3-D55F-4A76-8ABF-8E70993DC3CD, OS:18.4, name:iPad mini (6th generation) }
{ platform:iOS Simulator, arch:x86_64, id:3B1D6BF3-D55F-4A76-8ABF-8E70993DC3CD, OS:18.4, name:iPad mini (6th generation) }
{ platform:iOS Simulator, arch:arm64, id:2E5D1EA3-A522-4403-B79F-7B0E8DD51F92, OS:18.2, name:iPad mini (A17 Pro) }
{ platform:iOS Simulator, arch:x86_64, id:2E5D1EA3-A522-4403-B79F-7B0E8DD51F92, OS:18.2, name:iPad mini (A17 Pro) }
{ platform:iOS Simulator, arch:arm64, id:552E2748-3215-45B2-ADEF-CD40AE84E2BF, OS:18.4, name:iPad mini (A17 Pro) }
{ platform:iOS Simulator, arch:x86_64, id:552E2748-3215-45B2-ADEF-CD40AE84E2BF, OS:18.4, name:iPad mini (A17 Pro) }
{ platform:iOS Simulator, arch:arm64, id:D8BC4A6A-9C2C-4982-B9BE-178F80684C4F, OS:17.2, name:iPhone 15 }
{ platform:iOS Simulator, arch:x86_64, id:D8BC4A6A-9C2C-4982-B9BE-178F80684C4F, OS:17.2, name:iPhone 15 }
{ platform:iOS Simulator, arch:arm64, id:196160A1-8B32-47DB-BEBE-A9CE71712DF3, OS:18.0, name:iPhone 15 }
{ platform:iOS Simulator, arch:x86_64, id:196160A1-8B32-47DB-BEBE-A9CE71712DF3, OS:18.0, name:iPhone 15 }
{ platform:iOS Simulator, arch:arm64, id:6D24863D-84AF-4227-AB02-B5AC4D38F88E, OS:18.2, name:iPhone 15 }
{ platform:iOS Simulator, arch:x86_64, id:6D24863D-84AF-4227-AB02-B5AC4D38F88E, OS:18.2, name:iPhone 15 }
{ platform:iOS Simulator, arch:arm64, id:CF620D32-5D11-4F78-A82E-379065A4719D, OS:18.4, name:iPhone 15 }
{ platform:iOS Simulator, arch:x86_64, id:CF620D32-5D11-4F78-A82E-379065A4719D, OS:18.4, name:iPhone 15 }
{ platform:iOS Simulator, arch:arm64, id:F94FA536-CA82-4BBF-B1D9-A916C4A86587, OS:17.2, name:iPhone 15 Plus }
{ platform:iOS Simulator, arch:x86_64, id:F94FA536-CA82-4BBF-B1D9-A916C4A86587, OS:17.2, name:iPhone 15 Plus }
{ platform:iOS Simulator, arch:arm64, id:5D0BEFCE-13C1-4A92-8798-3042C05DD0D2, OS:18.0, name:iPhone 15 Plus }
{ platform:iOS Simulator, arch:x86_64, id:5D0BEFCE-13C1-4A92-8798-3042C05DD0D2, OS:18.0, name:iPhone 15 Plus }
{ platform:iOS Simulator, arch:arm64, id:0A9D7FBE-2EF8-402F-ADD4-7E28669B406A, OS:18.2, name:iPhone 15 Plus }
{ platform:iOS Simulator, arch:x86_64, id:0A9D7FBE-2EF8-402F-ADD4-7E28669B406A, OS:18.2, name:iPhone 15 Plus }
{ platform:iOS Simulator, arch:arm64, id:F5995121-6817-4168-B5CD-08B51B73B71B, OS:18.4, name:iPhone 15 Plus }
{ platform:iOS Simulator, arch:x86_64, id:F5995121-6817-4168-B5CD-08B51B73B71B, OS:18.4, name:iPhone 15 Plus }
{ platform:iOS Simulator, arch:arm64, id:3121BE31-E1FC-4721-9D91-EE674E63B1BE, OS:17.2, name:iPhone 15 Pro }
{ platform:iOS Simulator, arch:x86_64, id:3121BE31-E1FC-4721-9D91-EE674E63B1BE, OS:17.2, name:iPhone 15 Pro }
{ platform:iOS Simulator, arch:arm64, id:63C38CDF-89FE-4C11-8F68-A133C653DC25, OS:18.0, name:iPhone 15 Pro }
{ platform:iOS Simulator, arch:x86_64, id:63C38CDF-89FE-4C11-8F68-A133C653DC25, OS:18.0, name:iPhone 15 Pro }
{ platform:iOS Simulator, arch:arm64, id:D829C522-AB3B-481E-9D3D-4242A8ED9D12, OS:18.2, name:iPhone 15 Pro }
{ platform:iOS Simulator, arch:x86_64, id:D829C522-AB3B-481E-9D3D-4242A8ED9D12, OS:18.2, name:iPhone 15 Pro }
{ platform:iOS Simulator, arch:arm64, id:8BC055B7-844F-40B1-A1F9-1D2899EB2F18, OS:18.4, name:iPhone 15 Pro }
{ platform:iOS Simulator, arch:x86_64, id:8BC055B7-844F-40B1-A1F9-1D2899EB2F18, OS:18.4, name:iPhone 15 Pro }
{ platform:iOS Simulator, arch:arm64, id:AD80032A-E59D-4DE2-A8B4-901DB2E83659, OS:17.2, name:iPhone 15 Pro Max }
{ platform:iOS Simulator, arch:x86_64, id:AD80032A-E59D-4DE2-A8B4-901DB2E83659, OS:17.2, name:iPhone 15 Pro Max }
{ platform:iOS Simulator, arch:arm64, id:C2A4C564-03E3-42D2-80E6-9302B247BBD8, OS:18.0, name:iPhone 15 Pro Max }
{ platform:iOS Simulator, arch:x86_64, id:C2A4C564-03E3-42D2-80E6-9302B247BBD8, OS:18.0, name:iPhone 15 Pro Max }
{ platform:iOS Simulator, arch:arm64, id:8CED0805-DB04-47CF-8DD5-FB466B48CA9F, OS:18.2, name:iPhone 15 Pro Max }
{ platform:iOS Simulator, arch:x86_64, id:8CED0805-DB04-47CF-8DD5-FB466B48CA9F, OS:18.2, name:iPhone 15 Pro Max }
{ platform:iOS Simulator, arch:arm64, id:4BDFDFB6-F782-41E6-8B62-521C355451D2, OS:18.4, name:iPhone 15 Pro Max }
{ platform:iOS Simulator, arch:x86_64, id:4BDFDFB6-F782-41E6-8B62-521C355451D2, OS:18.4, name:iPhone 15 Pro Max }
{ platform:iOS Simulator, arch:arm64, id:EFCB45CA-2911-4F53-AB0A-A93BB9F879D3, OS:18.0, name:iPhone 16 }
{ platform:iOS Simulator, arch:x86_64, id:EFCB45CA-2911-4F53-AB0A-A93BB9F879D3, OS:18.0, name:iPhone 16 }
{ platform:iOS Simulator, arch:arm64, id:EAB3B7A9-A1D8-48BA-9D99-129FB8E123A9, OS:18.2, name:iPhone 16 }
{ platform:iOS Simulator, arch:x86_64, id:EAB3B7A9-A1D8-48BA-9D99-129FB8E123A9, OS:18.2, name:iPhone 16 }
{ platform:iOS Simulator, arch:arm64, id:4142BACE-2416-470C-A751-4E6366D48A8F, OS:18.4, name:iPhone 16 }
{ platform:iOS Simulator, arch:x86_64, id:4142BACE-2416-470C-A751-4E6366D48A8F, OS:18.4, name:iPhone 16 }
{ platform:iOS Simulator, arch:arm64, id:CED18FD3-12FE-40EC-B716-84FC0FB12C65, OS:18.0, name:iPhone 16 Plus }
{ platform:iOS Simulator, arch:x86_64, id:CED18FD3-12FE-40EC-B716-84FC0FB12C65, OS:18.0, name:iPhone 16 Plus }
{ platform:iOS Simulator, arch:arm64, id:54784305-BA8F-425D-94C3-CA9A8BA4570F, OS:18.2, name:iPhone 16 Plus }
{ platform:iOS Simulator, arch:x86_64, id:54784305-BA8F-425D-94C3-CA9A8BA4570F, OS:18.2, name:iPhone 16 Plus }
{ platform:iOS Simulator, arch:arm64, id:0D7DA965-52FF-4D09-92B0-00F9EC74AEBD, OS:18.4, name:iPhone 16 Plus }
{ platform:iOS Simulator, arch:x86_64, id:0D7DA965-52FF-4D09-92B0-00F9EC74AEBD, OS:18.4, name:iPhone 16 Plus }
{ platform:iOS Simulator, arch:arm64, id:0D1B17F6-3805-4FA4-A965-8970849A779B, OS:18.0, name:iPhone 16 Pro }
{ platform:iOS Simulator, arch:x86_64, id:0D1B17F6-3805-4FA4-A965-8970849A779B, OS:18.0, name:iPhone 16 Pro }
{ platform:iOS Simulator, arch:arm64, id:A51FC2F2-97A3-476E-89FF-410E0623D980, OS:18.2, name:iPhone 16 Pro }
{ platform:iOS Simulator, arch:x86_64, id:A51FC2F2-97A3-476E-89FF-410E0623D980, OS:18.2, name:iPhone 16 Pro }
{ platform:iOS Simulator, arch:arm64, id:696F227A-9F56-4170-98D4-A53E0CD48751, OS:18.4, name:iPhone 16 Pro }
{ platform:iOS Simulator, arch:x86_64, id:696F227A-9F56-4170-98D4-A53E0CD48751, OS:18.4, name:iPhone 16 Pro }
{ platform:iOS Simulator, arch:arm64, id:03B40625-21B4-41EA-A42B-EED21530D124, OS:18.0, name:iPhone 16 Pro Max }
{ platform:iOS Simulator, arch:x86_64, id:03B40625-21B4-41EA-A42B-EED21530D124, OS:18.0, name:iPhone 16 Pro Max }
{ platform:iOS Simulator, arch:arm64, id:2DC9A63B-EDB1-4924-9D3C-67DC450A3793, OS:18.2, name:iPhone 16 Pro Max }
{ platform:iOS Simulator, arch:x86_64, id:2DC9A63B-EDB1-4924-9D3C-67DC450A3793, OS:18.2, name:iPhone 16 Pro Max }
{ platform:iOS Simulator, arch:arm64, id:4D0C9460-BC16-488E-B94C-9AA4106FAE89, OS:18.4, name:iPhone 16 Pro Max }
{ platform:iOS Simulator, arch:x86_64, id:4D0C9460-BC16-488E-B94C-9AA4106FAE89, OS:18.4, name:iPhone 16 Pro Max }
{ platform:iOS Simulator, arch:arm64, id:F657D7A9-574B-4300-AC05-6B6F11278749, OS:18.4, name:iPhone 16e }
{ platform:iOS Simulator, arch:x86_64, id:F657D7A9-574B-4300-AC05-6B6F11278749, OS:18.4, name:iPhone 16e }
{ platform:iOS Simulator, arch:arm64, id:19B08CDE-3158-49CC-93D1-3A533E2D3208, OS:17.2, name:iPhone SE (3rd generation) }
{ platform:iOS Simulator, arch:x86_64, id:19B08CDE-3158-49CC-93D1-3A533E2D3208, OS:17.2, name:iPhone SE (3rd generation) }
{ platform:iOS Simulator, arch:arm64, id:F01A3543-CEA8-4312-AD0A-B83AA21FB3B4, OS:18.0, name:iPhone SE (3rd generation) }
{ platform:iOS Simulator, arch:x86_64, id:F01A3543-CEA8-4312-AD0A-B83AA21FB3B4, OS:18.0, name:iPhone SE (3rd generation) }
{ platform:iOS Simulator, arch:arm64, id:F57DC1DD-E2AE-455D-BBF8-B7CBD3B48FC8, OS:18.2, name:iPhone SE (3rd generation) }
{ platform:iOS Simulator, arch:x86_64, id:F57DC1DD-E2AE-455D-BBF8-B7CBD3B48FC8, OS:18.2, name:iPhone SE (3rd generation) }
{ platform:iOS Simulator, arch:arm64, id:912F49C9-BEAD-49D5-8FF0-1E12B375ED7C, OS:18.4, name:iPhone SE (3rd generation) }
{ platform:iOS Simulator, arch:x86_64, id:912F49C9-BEAD-49D5-8FF0-1E12B375ED7C, OS:18.4, name:iPhone SE (3rd generation) }
{ platform:iOS Simulator, arch:arm64, id:F0404E2B-C9C7-46C0-B065-58708138B159, OS:18.2, name:iPhone Xʀ }
{ platform:iOS Simulator, arch:x86_64, id:F0404E2B-C9C7-46C0-B065-58708138B159, OS:18.2, name:iPhone Xʀ }
ComputePackagePrebuildTargetDependencyGraph

CreateBuildRequest

SendProjectDescription

CreateBuildOperation

** CLEAN SUCCEEDED **

--- xcodebuild: WARNING: Using the first of multiple matching destinations:
{ platform:iOS, id:dvtdevice-DVTiPhonePlaceholder-iphoneos:placeholder, name:Any iOS Device }
{ platform:iOS, arch:arm64, id:00008030-001660C03C05402E, name:Iphone SE Black }
{ platform:iOS, id:00008030-000458210C50402E, name:iPhoneSE, error:iPhoneSE is not connected Xcode will continue when iPhoneSE is connected and unlocked. }
{ platform:macOS, arch:x86_64, variant:Mac Catalyst, id:27993C5B-CA3C-5E2A-B046-EFFF5F5B3852, name:My Mac }
{ platform:iOS Simulator, id:dvtdevice-DVTiOSDeviceSimulatorPlaceholder-iphonesimulator:placeholder, name:Any iOS Simulator Device }
{ platform:macOS, variant:Mac Catalyst, name:Any Mac }
{ platform:iOS Simulator, arch:arm64, id:D8340EB2-E7C9-47A1-B00C-0C009910EF89, OS:17.2, name:iPad (10th generation) }
{ platform:iOS Simulator, arch:x86_64, id:D8340EB2-E7C9-47A1-B00C-0C009910EF89, OS:17.2, name:iPad (10th generation) }
{ platform:iOS Simulator, arch:arm64, id:89A28ACD-7B76-444A-8AAC-FBEB0C0922E4, OS:18.0, name:iPad (10th generation) }
{ platform:iOS Simulator, arch:x86_64, id:89A28ACD-7B76-444A-8AAC-FBEB0C0922E4, OS:18.0, name:iPad (10th generation) }
{ platform:iOS Simulator, arch:arm64, id:C3E9EF9D-2B76-4512-86ED-F529FAD26CA6, OS:18.2, name:iPad (10th generation) }
{ platform:iOS Simulator, arch:x86_64, id:C3E9EF9D-2B76-4512-86ED-F529FAD26CA6, OS:18.2, name:iPad (10th generation) }
{ platform:iOS Simulator, arch:arm64, id:3F774549-6F25-4A0E-A82F-250FFECD7BDC, OS:18.4, name:iPad (10th generation) }
{ platform:iOS Simulator, arch:x86_64, id:3F774549-6F25-4A0E-A82F-250FFECD7BDC, OS:18.4, name:iPad (10th generation) }
{ platform:iOS Simulator, arch:arm64, id:C882427F-4EC3-4495-BD08-FC4543CB6BEC, OS:18.4, name:iPad (A16) }
{ platform:iOS Simulator, arch:x86_64, id:C882427F-4EC3-4495-BD08-FC4543CB6BEC, OS:18.4, name:iPad (A16) }
{ platform:iOS Simulator, arch:arm64, id:55BDDE0E-0F99-433A-B280-521DD28A2AA5, OS:17.2, name:iPad Air (5th generation) }
{ platform:iOS Simulator, arch:x86_64, id:55BDDE0E-0F99-433A-B280-521DD28A2AA5, OS:17.2, name:iPad Air (5th generation) }
{ platform:iOS Simulator, arch:arm64, id:EC2A824D-51B7-40A3-8F4E-DBF60148C2AF, OS:18.0, name:iPad Air (5th generation) }
{ platform:iOS Simulator, arch:x86_64, id:EC2A824D-51B7-40A3-8F4E-DBF60148C2AF, OS:18.0, name:iPad Air (5th generation) }
{ platform:iOS Simulator, arch:arm64, id:63D3C246-DA32-4B0C-95BC-AD57EB68577C, OS:18.2, name:iPad Air (5th generation) }
{ platform:iOS Simulator, arch:x86_64, id:63D3C246-DA32-4B0C-95BC-AD57EB68577C, OS:18.2, name:iPad Air (5th generation) }
{ platform:iOS Simulator, arch:arm64, id:F88E6DA7-C36F-4644-8A14-4AF47C2AE2E5, OS:18.4, name:iPad Air (5th generation) }
{ platform:iOS Simulator, arch:x86_64, id:F88E6DA7-C36F-4644-8A14-4AF47C2AE2E5, OS:18.4, name:iPad Air (5th generation) }
{ platform:iOS Simulator, arch:arm64, id:2B7AF2CF-019D-42C1-B355-9AB44D71C93E, OS:18.0, name:iPad Air 11-inch (M2) }
{ platform:iOS Simulator, arch:x86_64, id:2B7AF2CF-019D-42C1-B355-9AB44D71C93E, OS:18.0, name:iPad Air 11-inch (M2) }
{ platform:iOS Simulator, arch:arm64, id:97AF06A4-803D-45B1-A87B-9B2F300D5FD8, OS:18.2, name:iPad Air 11-inch (M2) }
{ platform:iOS Simulator, arch:x86_64, id:97AF06A4-803D-45B1-A87B-9B2F300D5FD8, OS:18.2, name:iPad Air 11-inch (M2) }
{ platform:iOS Simulator, arch:arm64, id:ED5FC584-2AED-4AD9-ADFB-17205BA71A59, OS:18.4, name:iPad Air 11-inch (M3) }
{ platform:iOS Simulator, arch:x86_64, id:ED5FC584-2AED-4AD9-ADFB-17205BA71A59, OS:18.4, name:iPad Air 11-inch (M3) }
{ platform:iOS Simulator, arch:arm64, id:E247B3A6-14FA-46AB-90FF-707CA4DE8647, OS:18.0, name:iPad Air 13-inch (M2) }
{ platform:iOS Simulator, arch:x86_64, id:E247B3A6-14FA-46AB-90FF-707CA4DE8647, OS:18.0, name:iPad Air 13-inch (M2) }
{ platform:iOS Simulator, arch:arm64, id:956266D0-D989-4B2B-822D-B6B655488324, OS:18.2, name:iPad Air 13-inch (M2) }
{ platform:iOS Simulator, arch:x86_64, id:956266D0-D989-4B2B-822D-B6B655488324, OS:18.2, name:iPad Air 13-inch (M2) }
{ platform:iOS Simulator, arch:arm64, id:A1090FFA-E26F-4B2D-A3EC-288C9875FD5B, OS:18.4, name:iPad Air 13-inch (M3) }
{ platform:iOS Simulator, arch:x86_64, id:A1090FFA-E26F-4B2D-A3EC-288C9875FD5B, OS:18.4, name:iPad Air 13-inch (M3) }
{ platform:iOS Simulator, arch:arm64, id:C8D7CEEE-75B4-44F5-A414-0D5E20D8DA58, OS:17.2, name:iPad Pro (11-inch) (4th generation) }
{ platform:iOS Simulator, arch:x86_64, id:C8D7CEEE-75B4-44F5-A414-0D5E20D8DA58, OS:17.2, name:iPad Pro (11-inch) (4th generation) }
{ platform:iOS Simulator, arch:arm64, id:BBE622D7-B08C-4595-A27C-F05557C274BA, OS:18.0, name:iPad Pro (11-inch) (4th generation) }
{ platform:iOS Simulator, arch:x86_64, id:BBE622D7-B08C-4595-A27C-F05557C274BA, OS:18.0, name:iPad Pro (11-inch) (4th generation) }
{ platform:iOS Simulator, arch:arm64, id:163CA54C-BB39-4A6E-A850-5D2E29AF39D2, OS:18.2, name:iPad Pro (11-inch) (4th generation) }
{ platform:iOS Simulator, arch:x86_64, id:163CA54C-BB39-4A6E-A850-5D2E29AF39D2, OS:18.2, name:iPad Pro (11-inch) (4th generation) }
{ platform:iOS Simulator, arch:arm64, id:E1CA01D8-8F9E-4DAB-87D3-F9ECC1B103BD, OS:18.4, name:iPad Pro (11-inch) (4th generation) }
{ platform:iOS Simulator, arch:x86_64, id:E1CA01D8-8F9E-4DAB-87D3-F9ECC1B103BD, OS:18.4, name:iPad Pro (11-inch) (4th generation) }
{ platform:iOS Simulator, arch:arm64, id:57A441E8-0B5B-4976-9F01-A0AC3B63FE22, OS:17.2, name:iPad Pro (12.9-inch) (6th generation) }
{ platform:iOS Simulator, arch:x86_64, id:57A441E8-0B5B-4976-9F01-A0AC3B63FE22, OS:17.2, name:iPad Pro (12.9-inch) (6th generation) }
{ platform:iOS Simulator, arch:arm64, id:48D4AC43-8DDC-49CE-9822-D243FE157A15, OS:18.0, name:iPad Pro (12.9-inch) (6th generation) }
{ platform:iOS Simulator, arch:x86_64, id:48D4AC43-8DDC-49CE-9822-D243FE157A15, OS:18.0, name:iPad Pro (12.9-inch) (6th generation) }
{ platform:iOS Simulator, arch:arm64, id:7390CAC3-9A39-4A16-8FFB-A2CA8DB95176, OS:18.2, name:iPad Pro (12.9-inch) (6th generation) }
{ platform:iOS Simulator, arch:x86_64, id:7390CAC3-9A39-4A16-8FFB-A2CA8DB95176, OS:18.2, name:iPad Pro (12.9-inch) (6th generation) }
{ platform:iOS Simulator, arch:arm64, id:34030AB0-5C96-4290-8B10-1D90B3E11CA2, OS:18.4, name:iPad Pro (12.9-inch) (6th generation) }
{ platform:iOS Simulator, arch:x86_64, id:34030AB0-5C96-4290-8B10-1D90B3E11CA2, OS:18.4, name:iPad Pro (12.9-inch) (6th generation) }
{ platform:iOS Simulator, arch:arm64, id:892A3B7E-F795-4EED-ABBB-CD9894D126B9, OS:18.0, name:iPad Pro 11-inch (M4) }
{ platform:iOS Simulator, arch:x86_64, id:892A3B7E-F795-4EED-ABBB-CD9894D126B9, OS:18.0, name:iPad Pro 11-inch (M4) }
{ platform:iOS Simulator, arch:arm64, id:22D97920-5D2F-4E53-B1C9-74D2DF8EC8EC, OS:18.2, name:iPad Pro 11-inch (M4) }
{ platform:iOS Simulator, arch:x86_64, id:22D97920-5D2F-4E53-B1C9-74D2DF8EC8EC, OS:18.2, name:iPad Pro 11-inch (M4) }
{ platform:iOS Simulator, arch:arm64, id:095FBD7B-1358-4CE6-ADB7-BC9471DBAAB0, OS:18.4, name:iPad Pro 11-inch (M4) }
{ platform:iOS Simulator, arch:x86_64, id:095FBD7B-1358-4CE6-ADB7-BC9471DBAAB0, OS:18.4, name:iPad Pro 11-inch (M4) }
{ platform:iOS Simulator, arch:arm64, id:D00CCC6F-B4BE-493D-BDCB-C8DEF644CA7A, OS:18.0, name:iPad Pro 13-inch (M4) }
{ platform:iOS Simulator, arch:x86_64, id:D00CCC6F-B4BE-493D-BDCB-C8DEF644CA7A, OS:18.0, name:iPad Pro 13-inch (M4) }
{ platform:iOS Simulator, arch:arm64, id:8007D368-2A77-4E0F-8A3B-432107E47424, OS:18.2, name:iPad Pro 13-inch (M4) }
{ platform:iOS Simulator, arch:x86_64, id:8007D368-2A77-4E0F-8A3B-432107E47424, OS:18.2, name:iPad Pro 13-inch (M4) }
{ platform:iOS Simulator, arch:arm64, id:03AE767A-EF4A-4BAF-8900-D7E062162AF3, OS:18.4, name:iPad Pro 13-inch (M4) }
{ platform:iOS Simulator, arch:x86_64, id:03AE767A-EF4A-4BAF-8900-D7E062162AF3, OS:18.4, name:iPad Pro 13-inch (M4) }
{ platform:iOS Simulator, arch:arm64, id:2F0E2636-EAE9-4630-B00D-8C9D627F3C49, OS:17.2, name:iPad mini (6th generation) }
{ platform:iOS Simulator, arch:x86_64, id:2F0E2636-EAE9-4630-B00D-8C9D627F3C49, OS:17.2, name:iPad mini (6th generation) }
{ platform:iOS Simulator, arch:arm64, id:6E04243F-B908-4BDE-B2CE-4685D92FC770, OS:18.0, name:iPad mini (6th generation) }
{ platform:iOS Simulator, arch:x86_64, id:6E04243F-B908-4BDE-B2CE-4685D92FC770, OS:18.0, name:iPad mini (6th generation) }
{ platform:iOS Simulator, arch:arm64, id:AAC1630A-7EB8-4F8A-8734-BE9122C86DAC, OS:18.2, name:iPad mini (6th generation) }
{ platform:iOS Simulator, arch:x86_64, id:AAC1630A-7EB8-4F8A-8734-BE9122C86DAC, OS:18.2, name:iPad mini (6th generation) }
{ platform:iOS Simulator, arch:arm64, id:3B1D6BF3-D55F-4A76-8ABF-8E70993DC3CD, OS:18.4, name:iPad mini (6th generation) }
{ platform:iOS Simulator, arch:x86_64, id:3B1D6BF3-D55F-4A76-8ABF-8E70993DC3CD, OS:18.4, name:iPad mini (6th generation) }
{ platform:iOS Simulator, arch:arm64, id:2E5D1EA3-A522-4403-B79F-7B0E8DD51F92, OS:18.2, name:iPad mini (A17 Pro) }
{ platform:iOS Simulator, arch:x86_64, id:2E5D1EA3-A522-4403-B79F-7B0E8DD51F92, OS:18.2, name:iPad mini (A17 Pro) }
{ platform:iOS Simulator, arch:arm64, id:552E2748-3215-45B2-ADEF-CD40AE84E2BF, OS:18.4, name:iPad mini (A17 Pro) }
{ platform:iOS Simulator, arch:x86_64, id:552E2748-3215-45B2-ADEF-CD40AE84E2BF, OS:18.4, name:iPad mini (A17 Pro) }
{ platform:iOS Simulator, arch:arm64, id:D8BC4A6A-9C2C-4982-B9BE-178F80684C4F, OS:17.2, name:iPhone 15 }
{ platform:iOS Simulator, arch:x86_64, id:D8BC4A6A-9C2C-4982-B9BE-178F80684C4F, OS:17.2, name:iPhone 15 }
{ platform:iOS Simulator, arch:arm64, id:196160A1-8B32-47DB-BEBE-A9CE71712DF3, OS:18.0, name:iPhone 15 }
{ platform:iOS Simulator, arch:x86_64, id:196160A1-8B32-47DB-BEBE-A9CE71712DF3, OS:18.0, name:iPhone 15 }
{ platform:iOS Simulator, arch:arm64, id:6D24863D-84AF-4227-AB02-B5AC4D38F88E, OS:18.2, name:iPhone 15 }
{ platform:iOS Simulator, arch:x86_64, id:6D24863D-84AF-4227-AB02-B5AC4D38F88E, OS:18.2, name:iPhone 15 }
{ platform:iOS Simulator, arch:arm64, id:CF620D32-5D11-4F78-A82E-379065A4719D, OS:18.4, name:iPhone 15 }
{ platform:iOS Simulator, arch:x86_64, id:CF620D32-5D11-4F78-A82E-379065A4719D, OS:18.4, name:iPhone 15 }
{ platform:iOS Simulator, arch:arm64, id:F94FA536-CA82-4BBF-B1D9-A916C4A86587, OS:17.2, name:iPhone 15 Plus }
{ platform:iOS Simulator, arch:x86_64, id:F94FA536-CA82-4BBF-B1D9-A916C4A86587, OS:17.2, name:iPhone 15 Plus }
{ platform:iOS Simulator, arch:arm64, id:5D0BEFCE-13C1-4A92-8798-3042C05DD0D2, OS:18.0, name:iPhone 15 Plus }
{ platform:iOS Simulator, arch:x86_64, id:5D0BEFCE-13C1-4A92-8798-3042C05DD0D2, OS:18.0, name:iPhone 15 Plus }
{ platform:iOS Simulator, arch:arm64, id:0A9D7FBE-2EF8-402F-ADD4-7E28669B406A, OS:18.2, name:iPhone 15 Plus }
{ platform:iOS Simulator, arch:x86_64, id:0A9D7FBE-2EF8-402F-ADD4-7E28669B406A, OS:18.2, name:iPhone 15 Plus }
{ platform:iOS Simulator, arch:arm64, id:F5995121-6817-4168-B5CD-08B51B73B71B, OS:18.4, name:iPhone 15 Plus }
{ platform:iOS Simulator, arch:x86_64, id:F5995121-6817-4168-B5CD-08B51B73B71B, OS:18.4, name:iPhone 15 Plus }
{ platform:iOS Simulator, arch:arm64, id:3121BE31-E1FC-4721-9D91-EE674E63B1BE, OS:17.2, name:iPhone 15 Pro }
{ platform:iOS Simulator, arch:x86_64, id:3121BE31-E1FC-4721-9D91-EE674E63B1BE, OS:17.2, name:iPhone 15 Pro }
{ platform:iOS Simulator, arch:arm64, id:63C38CDF-89FE-4C11-8F68-A133C653DC25, OS:18.0, name:iPhone 15 Pro }
{ platform:iOS Simulator, arch:x86_64, id:63C38CDF-89FE-4C11-8F68-A133C653DC25, OS:18.0, name:iPhone 15 Pro }
{ platform:iOS Simulator, arch:arm64, id:D829C522-AB3B-481E-9D3D-4242A8ED9D12, OS:18.2, name:iPhone 15 Pro }
{ platform:iOS Simulator, arch:x86_64, id:D829C522-AB3B-481E-9D3D-4242A8ED9D12, OS:18.2, name:iPhone 15 Pro }
{ platform:iOS Simulator, arch:arm64, id:8BC055B7-844F-40B1-A1F9-1D2899EB2F18, OS:18.4, name:iPhone 15 Pro }
{ platform:iOS Simulator, arch:x86_64, id:8BC055B7-844F-40B1-A1F9-1D2899EB2F18, OS:18.4, name:iPhone 15 Pro }
{ platform:iOS Simulator, arch:arm64, id:AD80032A-E59D-4DE2-A8B4-901DB2E83659, OS:17.2, name:iPhone 15 Pro Max }
{ platform:iOS Simulator, arch:x86_64, id:AD80032A-E59D-4DE2-A8B4-901DB2E83659, OS:17.2, name:iPhone 15 Pro Max }
{ platform:iOS Simulator, arch:arm64, id:C2A4C564-03E3-42D2-80E6-9302B247BBD8, OS:18.0, name:iPhone 15 Pro Max }
{ platform:iOS Simulator, arch:x86_64, id:C2A4C564-03E3-42D2-80E6-9302B247BBD8, OS:18.0, name:iPhone 15 Pro Max }
{ platform:iOS Simulator, arch:arm64, id:8CED0805-DB04-47CF-8DD5-FB466B48CA9F, OS:18.2, name:iPhone 15 Pro Max }
{ platform:iOS Simulator, arch:x86_64, id:8CED0805-DB04-47CF-8DD5-FB466B48CA9F, OS:18.2, name:iPhone 15 Pro Max }
{ platform:iOS Simulator, arch:arm64, id:4BDFDFB6-F782-41E6-8B62-521C355451D2, OS:18.4, name:iPhone 15 Pro Max }
{ platform:iOS Simulator, arch:x86_64, id:4BDFDFB6-F782-41E6-8B62-521C355451D2, OS:18.4, name:iPhone 15 Pro Max }
{ platform:iOS Simulator, arch:arm64, id:EFCB45CA-2911-4F53-AB0A-A93BB9F879D3, OS:18.0, name:iPhone 16 }
{ platform:iOS Simulator, arch:x86_64, id:EFCB45CA-2911-4F53-AB0A-A93BB9F879D3, OS:18.0, name:iPhone 16 }
{ platform:iOS Simulator, arch:arm64, id:EAB3B7A9-A1D8-48BA-9D99-129FB8E123A9, OS:18.2, name:iPhone 16 }
{ platform:iOS Simulator, arch:x86_64, id:EAB3B7A9-A1D8-48BA-9D99-129FB8E123A9, OS:18.2, name:iPhone 16 }
{ platform:iOS Simulator, arch:arm64, id:4142BACE-2416-470C-A751-4E6366D48A8F, OS:18.4, name:iPhone 16 }
{ platform:iOS Simulator, arch:x86_64, id:4142BACE-2416-470C-A751-4E6366D48A8F, OS:18.4, name:iPhone 16 }
{ platform:iOS Simulator, arch:arm64, id:CED18FD3-12FE-40EC-B716-84FC0FB12C65, OS:18.0, name:iPhone 16 Plus }
{ platform:iOS Simulator, arch:x86_64, id:CED18FD3-12FE-40EC-B716-84FC0FB12C65, OS:18.0, name:iPhone 16 Plus }
{ platform:iOS Simulator, arch:arm64, id:54784305-BA8F-425D-94C3-CA9A8BA4570F, OS:18.2, name:iPhone 16 Plus }
{ platform:iOS Simulator, arch:x86_64, id:54784305-BA8F-425D-94C3-CA9A8BA4570F, OS:18.2, name:iPhone 16 Plus }
{ platform:iOS Simulator, arch:arm64, id:0D7DA965-52FF-4D09-92B0-00F9EC74AEBD, OS:18.4, name:iPhone 16 Plus }
{ platform:iOS Simulator, arch:x86_64, id:0D7DA965-52FF-4D09-92B0-00F9EC74AEBD, OS:18.4, name:iPhone 16 Plus }
{ platform:iOS Simulator, arch:arm64, id:0D1B17F6-3805-4FA4-A965-8970849A779B, OS:18.0, name:iPhone 16 Pro }
{ platform:iOS Simulator, arch:x86_64, id:0D1B17F6-3805-4FA4-A965-8970849A779B, OS:18.0, name:iPhone 16 Pro }
{ platform:iOS Simulator, arch:arm64, id:A51FC2F2-97A3-476E-89FF-410E0623D980, OS:18.2, name:iPhone 16 Pro }
{ platform:iOS Simulator, arch:x86_64, id:A51FC2F2-97A3-476E-89FF-410E0623D980, OS:18.2, name:iPhone 16 Pro }
{ platform:iOS Simulator, arch:arm64, id:696F227A-9F56-4170-98D4-A53E0CD48751, OS:18.4, name:iPhone 16 Pro }
{ platform:iOS Simulator, arch:x86_64, id:696F227A-9F56-4170-98D4-A53E0CD48751, OS:18.4, name:iPhone 16 Pro }
{ platform:iOS Simulator, arch:arm64, id:03B40625-21B4-41EA-A42B-EED21530D124, OS:18.0, name:iPhone 16 Pro Max }
{ platform:iOS Simulator, arch:x86_64, id:03B40625-21B4-41EA-A42B-EED21530D124, OS:18.0, name:iPhone 16 Pro Max }
{ platform:iOS Simulator, arch:arm64, id:2DC9A63B-EDB1-4924-9D3C-67DC450A3793, OS:18.2, name:iPhone 16 Pro Max }
{ platform:iOS Simulator, arch:x86_64, id:2DC9A63B-EDB1-4924-9D3C-67DC450A3793, OS:18.2, name:iPhone 16 Pro Max }
{ platform:iOS Simulator, arch:arm64, id:4D0C9460-BC16-488E-B94C-9AA4106FAE89, OS:18.4, name:iPhone 16 Pro Max }
{ platform:iOS Simulator, arch:x86_64, id:4D0C9460-BC16-488E-B94C-9AA4106FAE89, OS:18.4, name:iPhone 16 Pro Max }
{ platform:iOS Simulator, arch:arm64, id:F657D7A9-574B-4300-AC05-6B6F11278749, OS:18.4, name:iPhone 16e }
{ platform:iOS Simulator, arch:x86_64, id:F657D7A9-574B-4300-AC05-6B6F11278749, OS:18.4, name:iPhone 16e }
{ platform:iOS Simulator, arch:arm64, id:19B08CDE-3158-49CC-93D1-3A533E2D3208, OS:17.2, name:iPhone SE (3rd generation) }
{ platform:iOS Simulator, arch:x86_64, id:19B08CDE-3158-49CC-93D1-3A533E2D3208, OS:17.2, name:iPhone SE (3rd generation) }
{ platform:iOS Simulator, arch:arm64, id:F01A3543-CEA8-4312-AD0A-B83AA21FB3B4, OS:18.0, name:iPhone SE (3rd generation) }
{ platform:iOS Simulator, arch:x86_64, id:F01A3543-CEA8-4312-AD0A-B83AA21FB3B4, OS:18.0, name:iPhone SE (3rd generation) }
{ platform:iOS Simulator, arch:arm64, id:F57DC1DD-E2AE-455D-BBF8-B7CBD3B48FC8, OS:18.2, name:iPhone SE (3rd generation) }
{ platform:iOS Simulator, arch:x86_64, id:F57DC1DD-E2AE-455D-BBF8-B7CBD3B48FC8, OS:18.2, name:iPhone SE (3rd generation) }
{ platform:iOS Simulator, arch:arm64, id:912F49C9-BEAD-49D5-8FF0-1E12B375ED7C, OS:18.4, name:iPhone SE (3rd generation) }
{ platform:iOS Simulator, arch:x86_64, id:912F49C9-BEAD-49D5-8FF0-1E12B375ED7C, OS:18.4, name:iPhone SE (3rd generation) }
{ platform:iOS Simulator, arch:arm64, id:F0404E2B-C9C7-46C0-B065-58708138B159, OS:18.2, name:iPhone Xʀ }
{ platform:iOS Simulator, arch:x86_64, id:F0404E2B-C9C7-46C0-B065-58708138B159, OS:18.2, name:iPhone Xʀ }
ComputePackagePrebuildTargetDependencyGraph

Prepare packages

CreateBuildRequest

SendProjectDescription

CreateBuildOperation

ComputeTargetDependencyGraph
note: Building targets in dependency order
note: Target dependency graph (2 targets)
    Target 'SHWireGuardKitiOS' in project 'SHWireGuardKit'
        ➜ Explicit dependency on target 'WireGuardBridgeiOS' in project 'SHWireGuardKit'
    Target 'WireGuardBridgeiOS' in project 'SHWireGuardKit' (no dependencies)

GatherProvisioningInputs

CreateBuildDescription

ExecuteExternalTool /Applications/Xcode.app/Contents/Developer/Toolchains/XcodeDefault.xctoolchain/usr/bin/clang -v -E -dM -isysroot /Applications/Xcode.app/Contents/Developer/Platforms/iPhoneOS.platform/Developer/SDKs/iPhoneOS18.4.sdk -x c -c /dev/null

ExecuteExternalTool /Applications/Xcode.app/Contents/Developer/Toolchains/XcodeDefault.xctoolchain/usr/bin/clang -v -E -dM -arch arm64 -isysroot /Applications/Xcode.app/Contents/Developer/Platforms/iPhoneOS.platform/Developer/SDKs/iPhoneOS18.4.sdk -x c -c /dev/null

ExecuteExternalTool /Applications/Xcode.app/Contents/Developer/Toolchains/XcodeDefault.xctoolchain/usr/bin/swiftc --version

ExecuteExternalTool /Applications/Xcode.app/Contents/Developer/Toolchains/XcodeDefault.xctoolchain/usr/bin/ld -version_details

Build description signature: 166b08c34210f91928b71d2505f5ca44
Build description path: /Users/bhanu/Documents/Himanshu/SHWireGuardKit/build/XCBuildData/166b08c34210f91928b71d2505f5ca44.xcbuilddata
CreateBuildDirectory /Users/bhanu/Documents/Himanshu/SHWireGuardKit/build
    cd /Users/bhanu/Documents/Himanshu/SHWireGuardKit/SHWireGuardKit.xcodeproj
    builtin-create-build-directory /Users/bhanu/Documents/Himanshu/SHWireGuardKit/build

ClangStatCache /Applications/Xcode.app/Contents/Developer/Toolchains/XcodeDefault.xctoolchain/usr/bin/clang-stat-cache /Applications/Xcode.app/Contents/Developer/Platforms/iPhoneOS.platform/Developer/SDKs/iPhoneOS18.4.sdk /Users/bhanu/Library/Developer/Xcode/DerivedData/SDKStatCaches.noindex/iphoneos18.4-22E235-a09501eccf75f892bc376f81961b27ba.sdkstatcache
    cd /Users/bhanu/Documents/Himanshu/SHWireGuardKit/SHWireGuardKit.xcodeproj
    /Applications/Xcode.app/Contents/Developer/Toolchains/XcodeDefault.xctoolchain/usr/bin/clang-stat-cache /Applications/Xcode.app/Contents/Developer/Platforms/iPhoneOS.platform/Developer/SDKs/iPhoneOS18.4.sdk -o /Users/bhanu/Library/Developer/Xcode/DerivedData/SDKStatCaches.noindex/iphoneos18.4-22E235-a09501eccf75f892bc376f81961b27ba.sdkstatcache

CreateBuildDirectory /Users/bhanu/Documents/Himanshu/SHWireGuardKit/build/Release-iphoneos
    cd /Users/bhanu/Documents/Himanshu/SHWireGuardKit/SHWireGuardKit.xcodeproj
    builtin-create-build-directory /Users/bhanu/Documents/Himanshu/SHWireGuardKit/build/Release-iphoneos

WriteAuxiliaryFile /Users/bhanu/Documents/Himanshu/SHWireGuardKit/build/SHWireGuardKit.build/Release-iphoneos/SHWireGuardKit-f4456a5a508a0a01ff90f1eecfcc9675-VFS-iphoneos/all-product-headers.yaml
    cd /Users/bhanu/Documents/Himanshu/SHWireGuardKit/SHWireGuardKit.xcodeproj
    write-file /Users/bhanu/Documents/Himanshu/SHWireGuardKit/build/SHWireGuardKit.build/Release-iphoneos/SHWireGuardKit-f4456a5a508a0a01ff90f1eecfcc9675-VFS-iphoneos/all-product-headers.yaml

CreateBuildDirectory /Users/bhanu/Documents/Himanshu/SHWireGuardKit/build/EagerLinkingTBDs/Release-iphoneos
    cd /Users/bhanu/Documents/Himanshu/SHWireGuardKit/SHWireGuardKit.xcodeproj
    builtin-create-build-directory /Users/bhanu/Documents/Himanshu/SHWireGuardKit/build/EagerLinkingTBDs/Release-iphoneos

ExternalBuildToolExecution WireGuardBridgeiOS (in target 'WireGuardBridgeiOS' from project 'SHWireGuardKit')
    cd /Users/bhanu/Documents/Himanshu/SHWireGuardKit/wireguard/Sources/WireGuardKitGo
    export ACTION\=
    export ALLOW_BUILD_REQUEST_OVERRIDES\=NO
    export ALLOW_TARGET_PLATFORM_SPECIALIZATION\=NO
    export ALTERNATE_GROUP\=staff
    export ALTERNATE_MODE\=u+w,go-w,a+rX
    export ALTERNATE_OWNER\=bhanu
    export ALTERNATIVE_DISTRIBUTION_WEB\=NO
    export ALWAYS_EMBED_SWIFT_STANDARD_LIBRARIES\=NO
    export ALWAYS_SEARCH_USER_PATHS\=NO
    export APPLICATION_EXTENSION_API_ONLY\=NO
    export APPLY_RULES_IN_COPY_FILES\=NO
    export APPLY_RULES_IN_COPY_HEADERS\=NO
    export APP_SHORTCUTS_ENABLE_FLEXIBLE_MATCHING\=YES
    export ARCHS\=arm64
    export ARCHS_STANDARD\=arm64
    export ARCHS_STANDARD_32_64_BIT\=armv7\ arm64
    export ARCHS_STANDARD_32_BIT\=armv7
    export ARCHS_STANDARD_64_BIT\=arm64
    export ARCHS_STANDARD_INCLUDING_64_BIT\=arm64
    export ARCHS_UNIVERSAL_IPHONE_OS\=armv7\ arm64
    export AUTOMATICALLY_MERGE_DEPENDENCIES\=NO
    export AVAILABLE_PLATFORMS\=android\ appletvos\ appletvsimulator\ driverkit\ iphoneos\ iphonesimulator\ macosx\ qnx\ watchos\ watchsimulator\ xros\ xrsimulator
    export BITCODE_GENERATION_MODE\=marker
    export BUILD_ACTIVE_RESOURCES_ONLY\=NO
    export BUILD_COMPONENTS\=headers\ build
    export BUILD_DIR\=/Users/bhanu/Documents/Himanshu/SHWireGuardKit/build
    export BUILD_LIBRARY_FOR_DISTRIBUTION\=NO
    export BUILD_ROOT\=/Users/bhanu/Documents/Himanshu/SHWireGuardKit/build
    export BUILD_STYLE\=
    export BUILD_VARIANTS\=normal
    export BUILT_PRODUCTS_DIR\=/Users/bhanu/Documents/Himanshu/SHWireGuardKit/build/Release-iphoneos
    export BUNDLE_CONTENTS_FOLDER_PATH_deep\=Contents/
    export BUNDLE_EXECUTABLE_FOLDER_NAME_deep\=MacOS
    export BUNDLE_EXTENSIONS_FOLDER_PATH\=Extensions
    export BUNDLE_FORMAT\=shallow
    export BUNDLE_FRAMEWORKS_FOLDER_PATH\=Frameworks
    export BUNDLE_PLUGINS_FOLDER_PATH\=PlugIns
    export BUNDLE_PRIVATE_HEADERS_FOLDER_PATH\=PrivateHeaders
    export BUNDLE_PUBLIC_HEADERS_FOLDER_PATH\=Headers
    export CACHE_ROOT\=/var/folders/tp/6gvktp154tg02cjdxmbxktph0000gp/C/com.apple.DeveloperTools/16.3-16E140/Xcode
    export CLANG_ANALYZER_NONNULL\=YES
    export CLANG_ANALYZER_NUMBER_OBJECT_CONVERSION\=YES_AGGRESSIVE
    export CLANG_CACHE_FINE_GRAINED_OUTPUTS\=YES
    export CLANG_CXX_LANGUAGE_STANDARD\=gnu++17
    export CLANG_CXX_LIBRARY\=libc++
    export CLANG_ENABLE_EXPLICIT_MODULES\=YES
    export CLANG_ENABLE_MODULES\=YES
    export CLANG_ENABLE_OBJC_ARC\=YES
    export CLANG_ENABLE_OBJC_WEAK\=YES
    export CLANG_MODULES_BUILD_SESSION_FILE\=/Users/bhanu/Library/Developer/Xcode/DerivedData/ModuleCache.noindex/Session.modulevalidation
    export CLANG_WARN_BLOCK_CAPTURE_AUTORELEASING\=YES
    export CLANG_WARN_BOOL_CONVERSION\=YES
    export CLANG_WARN_COMMA\=YES
    export CLANG_WARN_CONSTANT_CONVERSION\=YES
    export CLANG_WARN_DEPRECATED_OBJC_IMPLEMENTATIONS\=YES
    export CLANG_WARN_DIRECT_OBJC_ISA_USAGE\=YES_ERROR
    export CLANG_WARN_DOCUMENTATION_COMMENTS\=YES
    export CLANG_WARN_EMPTY_BODY\=YES
    export CLANG_WARN_ENUM_CONVERSION\=YES
    export CLANG_WARN_INFINITE_RECURSION\=YES
    export CLANG_WARN_INT_CONVERSION\=YES
    export CLANG_WARN_NON_LITERAL_NULL_CONVERSION\=YES
    export CLANG_WARN_OBJC_IMPLICIT_RETAIN_SELF\=YES
    export CLANG_WARN_OBJC_LITERAL_CONVERSION\=YES
    export CLANG_WARN_OBJC_ROOT_CLASS\=YES_ERROR
    export CLANG_WARN_QUOTED_INCLUDE_IN_FRAMEWORK_HEADER\=YES
    export CLANG_WARN_RANGE_LOOP_ANALYSIS\=YES
    export CLANG_WARN_STRICT_PROTOTYPES\=YES
    export CLANG_WARN_SUSPICIOUS_MOVE\=YES
    export CLANG_WARN_UNGUARDED_AVAILABILITY\=YES_AGGRESSIVE
    export CLANG_WARN_UNREACHABLE_CODE\=YES
    export CLANG_WARN__DUPLICATE_METHOD_MATCH\=YES
    export CLASS_FILE_DIR\=/Users/bhanu/Documents/Himanshu/SHWireGuardKit/build/SHWireGuardKit.build/Release-iphoneos/WireGuardBridgeiOS.build/JavaClasses
    export CLONE_HEADERS\=NO
    export CODE_SIGNING_ALLOWED\=NO
    export CODE_SIGN_CONTEXT_CLASS\=XCiPhoneOSCodeSignContext
    export CODE_SIGN_IDENTITY\=Apple\ Development
    export CODE_SIGN_INJECT_BASE_ENTITLEMENTS\=YES
    export CODE_SIGN_STYLE\=Automatic
    export COLOR_DIAGNOSTICS\=NO
    export COMPILATION_CACHE_CAS_PATH\=/Users/bhanu/Library/Developer/Xcode/DerivedData/CompilationCache.noindex
    export COMPILATION_CACHE_KEEP_CAS_DIRECTORY\=YES
    export COMPILER_INDEX_STORE_ENABLE\=Default
    export COMPRESS_PNG_FILES\=YES
    export CONFIGURATION\=Release
    export CONFIGURATION_BUILD_DIR\=/Users/bhanu/Documents/Himanshu/SHWireGuardKit/build/Release-iphoneos
    export CONFIGURATION_TEMP_DIR\=/Users/bhanu/Documents/Himanshu/SHWireGuardKit/build/SHWireGuardKit.build/Release-iphoneos
    export COPYING_PRESERVES_HFS_DATA\=NO
    export COPY_HEADERS_RUN_UNIFDEF\=NO
    export COPY_PHASE_STRIP\=NO
    export CORRESPONDING_SIMULATOR_PLATFORM_DIR\=/Applications/Xcode.app/Contents/Developer/Platforms/iPhoneSimulator.platform
    export CORRESPONDING_SIMULATOR_PLATFORM_NAME\=iphonesimulator
    export CORRESPONDING_SIMULATOR_SDK_DIR\=/Applications/Xcode.app/Contents/Developer/Platforms/iPhoneSimulator.platform/Developer/SDKs/iPhoneSimulator18.4.sdk
    export CORRESPONDING_SIMULATOR_SDK_NAME\=iphonesimulator18.4
    export CREATE_INFOPLIST_SECTION_IN_BINARY\=NO
    export CURRENT_PROJECT_VERSION\=1
    export DEAD_CODE_STRIPPING\=YES
    export DEBUGGING_SYMBOLS\=YES
    export DEBUG_INFORMATION_FORMAT\=dwarf-with-dsym
    export DEBUG_INFORMATION_VERSION\=compiler-default
    export DEFAULT_COMPILER\=com.apple.compilers.llvm.clang.1_0
    export DEFAULT_DEXT_INSTALL_PATH\=/System/Library/DriverExtensions
    export DEFAULT_KEXT_INSTALL_PATH\=/System/Library/Extensions
    export DEFINES_MODULE\=NO
    export DEPLOYMENT_LOCATION\=NO
    export DEPLOYMENT_POSTPROCESSING\=NO
    export DEPLOYMENT_TARGET_SETTING_NAME\=IPHONEOS_DEPLOYMENT_TARGET
    export DERIVED_FILES_DIR\=
    export DERIVED_FILE_DIR\=/Users/bhanu/Documents/Himanshu/SHWireGuardKit/build/SHWireGuardKit.build/Release-iphoneos/WireGuardBridgeiOS.build/DerivedSources
    export DERIVED_SOURCES_DIR\=/Users/bhanu/Documents/Himanshu/SHWireGuardKit/build/SHWireGuardKit.build/Release-iphoneos/WireGuardBridgeiOS.build/DerivedSources
    export DERIVE_MACCATALYST_PRODUCT_BUNDLE_IDENTIFIER\=NO
    export DEVELOPER_APPLICATIONS_DIR\=/Applications/Xcode.app/Contents/Developer/Applications
    export DEVELOPER_BIN_DIR\=/Applications/Xcode.app/Contents/Developer/usr/bin
    export DEVELOPER_DIR\=/Applications/Xcode.app/Contents/Developer
    export DEVELOPER_FRAMEWORKS_DIR\=/Applications/Xcode.app/Contents/Developer/Library/Frameworks
    export DEVELOPER_FRAMEWORKS_DIR_QUOTED\=/Applications/Xcode.app/Contents/Developer/Library/Frameworks
    export DEVELOPER_LIBRARY_DIR\=/Applications/Xcode.app/Contents/Developer/Library
    export DEVELOPER_SDK_DIR\=/Applications/Xcode.app/Contents/Developer/Platforms/MacOSX.platform/Developer/SDKs
    export DEVELOPER_TOOLS_DIR\=/Applications/Xcode.app/Contents/Developer/Tools
    export DEVELOPER_USR_DIR\=/Applications/Xcode.app/Contents/Developer/usr
    export DEVELOPMENT_LANGUAGE\=en
    export DEVELOPMENT_TEAM\=FL2NUL637S
    export DIAGNOSE_MISSING_TARGET_DEPENDENCIES\=YES
    export DONT_GENERATE_INFOPLIST_FILE\=NO
    export DSTROOT\=/tmp/SHWireGuardKit.dst
    export DT_TOOLCHAIN_DIR\=/Applications/Xcode.app/Contents/Developer/Toolchains/XcodeDefault.xctoolchain
    export DWARF_DSYM_FILE_NAME\=.dSYM
    export DWARF_DSYM_FILE_SHOULD_ACCOMPANY_PRODUCT\=NO
    export DWARF_DSYM_FOLDER_PATH\=/Users/bhanu/Documents/Himanshu/SHWireGuardKit/build/Release-iphoneos
    export EAGER_COMPILATION_ALLOW_SCRIPTS\=NO
    export EAGER_LINKING\=NO
    export EFFECTIVE_PLATFORM_NAME\=-iphoneos
    export EMBEDDED_CONTENT_CONTAINS_SWIFT\=NO
    export EMBEDDED_PROFILE_NAME\=embedded.mobileprovision
    export EMBED_ASSET_PACKS_IN_PRODUCT_BUNDLE\=NO
    export ENABLE_APP_SANDBOX\=NO
    export ENABLE_BITCODE\=NO
    export ENABLE_CODE_COVERAGE\=YES
    export ENABLE_DEBUG_DYLIB\=NO
    export ENABLE_DEFAULT_HEADER_SEARCH_PATHS\=YES
    export ENABLE_DEFAULT_SEARCH_PATHS\=YES
    export ENABLE_HARDENED_RUNTIME\=NO
    export ENABLE_HEADER_DEPENDENCIES\=YES
    export ENABLE_INCOMING_NETWORK_CONNECTIONS\=NO
    export ENABLE_NS_ASSERTIONS\=NO
    export ENABLE_ON_DEMAND_RESOURCES\=NO
    export ENABLE_OUTGOING_NETWORK_CONNECTIONS\=NO
    export ENABLE_PREVIEWS\=NO
    export ENABLE_RESOURCE_ACCESS_AUDIO_INPUT\=NO
    export ENABLE_RESOURCE_ACCESS_BLUETOOTH\=NO
    export ENABLE_RESOURCE_ACCESS_CALENDARS\=NO
    export ENABLE_RESOURCE_ACCESS_CAMERA\=NO
    export ENABLE_RESOURCE_ACCESS_CONTACTS\=NO
    export ENABLE_RESOURCE_ACCESS_LOCATION\=NO
    export ENABLE_RESOURCE_ACCESS_PRINTING\=NO
    export ENABLE_RESOURCE_ACCESS_USB\=NO
    export ENABLE_SDK_IMPORTS\=NO
    export ENABLE_STRICT_OBJC_MSGSEND\=YES
    export ENABLE_TESTABILITY\=NO
    export ENABLE_TESTING_SEARCH_PATHS\=NO
    export ENABLE_USER_SCRIPT_SANDBOXING\=NO
    export ENABLE_XOJIT_PREVIEWS\=NO
    export ENFORCE_VALID_ARCHS\=YES
    export ENTITLEMENTS_DESTINATION\=Signature
    export EXCLUDED_INSTALLSRC_SUBDIRECTORY_PATTERNS\=.DS_Store\ .svn\ .git\ .hg\ CVS
    export EXCLUDED_RECURSIVE_SEARCH_PATH_SUBDIRECTORIES\=\*.nib\ \*.lproj\ \*.framework\ \*.gch\ \*.xcode\*\ \*.xcassets\ \(\*\)\ .DS_Store\ CVS\ .svn\ .git\ .hg\ \*.pbproj\ \*.pbxproj
    export FILE_LIST\=/Users/bhanu/Documents/Himanshu/SHWireGuardKit/build/SHWireGuardKit.build/Release-iphoneos/WireGuardBridgeiOS.build/Objects/LinkFileList
    export FRAMEWORK_VERSION\=A
    export FUSE_BUILD_PHASES\=YES
    export FUSE_BUILD_SCRIPT_PHASES\=NO
    export GCC3_VERSION\=3.3
    export GCC_C_LANGUAGE_STANDARD\=gnu11
    export GCC_NO_COMMON_BLOCKS\=YES
    export GCC_VERSION\=com.apple.compilers.llvm.clang.1_0
    export GCC_WARN_64_TO_32_BIT_CONVERSION\=YES
    export GCC_WARN_ABOUT_RETURN_TYPE\=YES_ERROR
    export GCC_WARN_UNDECLARED_SELECTOR\=YES
    export GCC_WARN_UNINITIALIZED_AUTOS\=YES_AGGRESSIVE
    export GCC_WARN_UNUSED_FUNCTION\=YES
    export GCC_WARN_UNUSED_VARIABLE\=YES
    export GENERATED_MODULEMAP_DIR\=/Users/bhanu/Documents/Himanshu/SHWireGuardKit/build/GeneratedModuleMaps-iphoneos
    export GENERATE_INFOPLIST_FILE\=NO
    export GENERATE_INTERMEDIATE_TEXT_BASED_STUBS\=YES
    export GENERATE_MASTER_OBJECT_FILE\=NO
    export GENERATE_PKGINFO_FILE\=NO
    export GENERATE_PROFILING_CODE\=NO
    export GENERATE_TEXT_BASED_STUBS\=NO
    export GID\=20
    export GROUP\=staff
    export HEADERMAP_INCLUDES_FLAT_ENTRIES_FOR_TARGET_BEING_BUILT\=YES
    export HEADERMAP_INCLUDES_FRAMEWORK_ENTRIES_FOR_ALL_PRODUCT_TYPES\=YES
    export HEADERMAP_INCLUDES_FRAMEWORK_ENTRIES_FOR_TARGETS_NOT_BEING_BUILT\=YES
    export HEADERMAP_INCLUDES_NONPUBLIC_NONPRIVATE_HEADERS\=YES
    export HEADERMAP_INCLUDES_PROJECT_HEADERS\=YES
    export HEADERMAP_USES_FRAMEWORK_PREFIX_ENTRIES\=YES
    export HEADERMAP_USES_VFS\=NO
    export HIDE_BITCODE_SYMBOLS\=YES
    export HOME\=/Users/bhanu
    export HOST_ARCH\=x86_64
    export HOST_PLATFORM\=macosx
    export IMPLICIT_DEPENDENCY_DOMAIN\=default
    export INFOPLIST_ENABLE_CFBUNDLEICONS_MERGE\=YES
    export INFOPLIST_EXPAND_BUILD_SETTINGS\=YES
    export INFOPLIST_OUTPUT_FORMAT\=binary
    export INFOPLIST_PREPROCESS\=NO
    export INLINE_PRIVATE_FRAMEWORKS\=NO
    export INSTALLAPI_IGNORE_SKIP_INSTALL\=YES
    export INSTALLHDRS_COPY_PHASE\=NO
    export INSTALLHDRS_SCRIPT_PHASE\=NO
    export INSTALL_DIR\=/tmp/SHWireGuardKit.dst
    export INSTALL_GROUP\=staff
    export INSTALL_MODE_FLAG\=u+w,go-w,a+rX
    export INSTALL_OWNER\=bhanu
    export INSTALL_ROOT\=/tmp/SHWireGuardKit.dst
    export IPHONEOS_DEPLOYMENT_TARGET\=13.0
    export JAVA_APP_STUB\=/System/Library/Frameworks/JavaVM.framework/Resources/MacOS/JavaApplicationStub
    export JAVA_ARCHIVE_CLASSES\=YES
    export JAVA_ARCHIVE_TYPE\=JAR
    export JAVA_COMPILER\=/usr/bin/javac
    export JAVA_FRAMEWORK_RESOURCES_DIRS\=Resources
    export JAVA_JAR_FLAGS\=cv
    export JAVA_SOURCE_SUBDIR\=.
    export JAVA_USE_DEPENDENCIES\=YES
    export JAVA_ZIP_FLAGS\=-urg
    export KEEP_PRIVATE_EXTERNS\=NO
    export LD_DEPENDENCY_INFO_FILE\=//WireGuardBridgeiOS_dependency_info.dat
    export LD_EXPORT_SYMBOLS\=YES
    export LD_GENERATE_MAP_FILE\=NO
    export LD_MAP_FILE_PATH\=/Users/bhanu/Documents/Himanshu/SHWireGuardKit/build/SHWireGuardKit.build/Release-iphoneos/WireGuardBridgeiOS.build/WireGuardBridgeiOS-LinkMap--.txt
    export LD_NO_PIE\=NO
    export LD_QUOTE_LINKER_ARGUMENTS_FOR_COMPILER_DRIVER\=YES
    export LD_SHARED_CACHE_ELIGIBLE\=Automatic
    export LD_WARN_DUPLICATE_LIBRARIES\=NO
    export LD_WARN_UNUSED_DYLIBS\=NO
    export LEGACY_DEVELOPER_DIR\=/Applications/Xcode.app/Contents/PlugIns/Xcode3Core.ideplugin/Contents/SharedSupport/Developer
    export LIBRARY_DEXT_INSTALL_PATH\=/Library/DriverExtensions
    export LIBRARY_FLAG_NOSPACE\=YES
    export LIBRARY_KEXT_INSTALL_PATH\=/Library/Extensions
    export LINKER_DISPLAYS_MANGLED_NAMES\=NO
    export LINK_FILE_LIST_normal_arm64\=/Users/bhanu/Documents/Himanshu/SHWireGuardKit/build/SHWireGuardKit.build/Release-iphoneos/WireGuardBridgeiOS.build/Objects-normal/arm64/WireGuardBridgeiOS.LinkFileList
    export LINK_WITH_STANDARD_LIBRARIES\=YES
    export LLVM_TARGET_TRIPLE_OS_VERSION\=ios13.0
    export LLVM_TARGET_TRIPLE_VENDOR\=apple
    export LM_AUX_CONST_METADATA_LIST_PATH_normal_arm64\=/Users/bhanu/Documents/Himanshu/SHWireGuardKit/build/SHWireGuardKit.build/Release-iphoneos/WireGuardBridgeiOS.build/Objects-normal/arm64/WireGuardBridgeiOS.SwiftConstValuesFileList
    export LOCALIZATION_EXPORT_SUPPORTED\=YES
    export LOCALIZATION_PREFERS_STRING_CATALOGS\=NO
    export LOCALIZED_STRING_MACRO_NAMES\=NSLocalizedString\ CFCopyLocalizedString
    export LOCALIZED_STRING_SWIFTUI_SUPPORT\=YES
    export LOCAL_ADMIN_APPS_DIR\=/Applications/Utilities
    export LOCAL_APPS_DIR\=/Applications
    export LOCAL_DEVELOPER_DIR\=/Library/Developer
    export LOCAL_LIBRARY_DIR\=/Library
    export LOCROOT\=/Users/bhanu/Documents/Himanshu/SHWireGuardKit
    export LOCSYMROOT\=/Users/bhanu/Documents/Himanshu/SHWireGuardKit
    export MAC_OS_X_PRODUCT_BUILD_VERSION\=24C101
    export MAC_OS_X_VERSION_ACTUAL\=150200
    export MAC_OS_X_VERSION_MAJOR\=150000
    export MAC_OS_X_VERSION_MINOR\=150200
    export MAKE_MERGEABLE\=NO
    export MERGEABLE_LIBRARY\=NO
    export MERGED_BINARY_TYPE\=none
    export MERGE_LINKED_LIBRARIES\=NO
    export METAL_LIBRARY_FILE_BASE\=default
    export METAL_LIBRARY_OUTPUT_DIR\=/Users/bhanu/Documents/Himanshu/SHWireGuardKit/build/Release-iphoneos/
    export MODULE_CACHE_DIR\=/Users/bhanu/Library/Developer/Xcode/DerivedData/ModuleCache.noindex
    export MTL_ENABLE_DEBUG_INFO\=NO
    export MTL_FAST_MATH\=YES
    export NATIVE_ARCH\=x86_64
    export NATIVE_ARCH_32_BIT\=i386
    export NATIVE_ARCH_64_BIT\=x86_64
    export NATIVE_ARCH_ACTUAL\=x86_64
    export OBJECT_FILE_DIR\=/Users/bhanu/Documents/Himanshu/SHWireGuardKit/build/SHWireGuardKit.build/Release-iphoneos/WireGuardBridgeiOS.build/Objects
    export OBJROOT\=/Users/bhanu/Documents/Himanshu/SHWireGuardKit/build
    export ONLY_ACTIVE_ARCH\=NO
    export OS\=MACOS
    export PATH\=/Applications/Xcode.app/Contents/SharedFrameworks/SwiftBuild.framework/Versions/A/PlugIns/SWBBuildService.bundle/Contents/PlugIns/SWBUniversalPlatformPlugin.bundle/Contents/Frameworks/SWBUniversalPlatform.framework/Resources:/Applications/Xcode.app/Contents/Developer/Toolchains/XcodeDefault.xctoolchain/usr/bin:/Applications/Xcode.app/Contents/Developer/Toolchains/XcodeDefault.xctoolchain/usr/local/bin:/Applications/Xcode.app/Contents/Developer/Toolchains/XcodeDefault.xctoolchain/usr/libexec:/Applications/Xcode.app/Contents/Developer/Platforms/iPhoneOS.platform/usr/bin:/Applications/Xcode.app/Contents/Developer/Platforms/iPhoneOS.platform/usr/local/bin:/Applications/Xcode.app/Contents/Developer/Platforms/iPhoneOS.platform/Developer/usr/bin:/Applications/Xcode.app/Contents/Developer/Platforms/iPhoneOS.platform/Developer/usr/local/bin:/Applications/Xcode.app/Contents/Developer/usr/bin:/Applications/Xcode.app/Contents/Developer/usr/local/bin:/usr/local/go/bin:/opt/homebrew/Cellar/go/1.24.2/libexec/bin:/Users/bhanu/go/bin:/usr/local/lib/ruby/gems/3.3.0/bin:/usr/local/opt/ruby/bin:/Users/bhanu/.rbenv/shims:/Users/bhanu/.rbenv/bin:/opt/homebrew/bin:/usr/local/bin:/usr/bin:/bin:/usr/sbin:/sbin:/Library/Apple/usr/bin:/Users/bhanu/.rvm/bin/Applications/Xcode.app/Contents/Developer/usr/bin:/usr/local/go/bin:/opt/homebrew/Cellar/go/1.24.2/libexec/bin:/Users/bhanu/go/bin:/usr/local/lib/ruby/gems/3.3.0/bin:/usr/local/opt/ruby/bin:/Users/bhanu/.rbenv/shims:/Users/bhanu/.rbenv/shims:/Users/bhanu/.rbenv/bin:/opt/homebrew/bin:/usr/local/bin:/usr/bin:/bin:/usr/sbin:/sbin:/Library/Apple/usr/bin:/Users/bhanu/.rvm/bin:/usr/local/go/bin:/usr/local/go/bin
    export PATH_PREFIXES_EXCLUDED_FROM_HEADER_DEPENDENCIES\=/usr/include\ /usr/local/include\ /System/Library/Frameworks\ /System/Library/PrivateFrameworks\ /Applications/Xcode.app/Contents/Developer/Headers\ /Applications/Xcode.app/Contents/Developer/SDKs\ /Applications/Xcode.app/Contents/Developer/Platforms
    export PER_ARCH_MODULE_FILE_DIR\=/
    export PER_ARCH_OBJECT_FILE_DIR\=/
    export PLATFORM_DEVELOPER_APPLICATIONS_DIR\=/Applications/Xcode.app/Contents/Developer/Platforms/iPhoneOS.platform/Developer/Applications
    export PLATFORM_DEVELOPER_BIN_DIR\=/Applications/Xcode.app/Contents/Developer/Platforms/iPhoneOS.platform/Developer/usr/bin
    export PLATFORM_DEVELOPER_LIBRARY_DIR\=/Applications/Xcode.app/Contents/Developer/Platforms/iPhoneOS.platform/Developer/Library
    export PLATFORM_DEVELOPER_SDK_DIR\=/Applications/Xcode.app/Contents/Developer/Platforms/iPhoneOS.platform/Developer/SDKs
    export PLATFORM_DEVELOPER_TOOLS_DIR\=/Applications/Xcode.app/Contents/Developer/Platforms/iPhoneOS.platform/Developer/Tools
    export PLATFORM_DEVELOPER_USR_DIR\=/Applications/Xcode.app/Contents/Developer/Platforms/iPhoneOS.platform/Developer/usr
    export PLATFORM_DIR\=/Applications/Xcode.app/Contents/Developer/Platforms/iPhoneOS.platform
    export PLATFORM_DISPLAY_NAME\=iOS
    export PLATFORM_FAMILY_NAME\=iOS
    export PLATFORM_NAME\=iphoneos
    export PLATFORM_PREFERRED_ARCH\=arm64
    export PLATFORM_PRODUCT_BUILD_VERSION\=22E235
    export PLIST_FILE_OUTPUT_FORMAT\=binary
    export PRECOMPS_INCLUDE_HEADERS_FROM_BUILT_PRODUCTS_DIR\=YES
    export PRECOMP_DESTINATION_DIR\=/Users/bhanu/Documents/Himanshu/SHWireGuardKit/build/SHWireGuardKit.build/Release-iphoneos/WireGuardBridgeiOS.build/PrefixHeaders
    export PRODUCT_MODULE_NAME\=WireGuardBridgeiOS
    export PRODUCT_NAME\=WireGuardBridgeiOS
    export PROFILING_CODE\=NO
    export PROJECT\=SHWireGuardKit
    export PROJECT_DERIVED_FILE_DIR\=/Users/bhanu/Documents/Himanshu/SHWireGuardKit/build/SHWireGuardKit.build/DerivedSources
    export PROJECT_DIR\=/Users/bhanu/Documents/Himanshu/SHWireGuardKit
    export PROJECT_FILE_PATH\=/Users/bhanu/Documents/Himanshu/SHWireGuardKit/SHWireGuardKit.xcodeproj
    export PROJECT_GUID\=f4456a5a508a0a01ff90f1eecfcc9675
    export PROJECT_NAME\=SHWireGuardKit
    export PROJECT_TEMP_DIR\=/Users/bhanu/Documents/Himanshu/SHWireGuardKit/build/SHWireGuardKit.build
    export PROJECT_TEMP_ROOT\=/Users/bhanu/Documents/Himanshu/SHWireGuardKit/build
    export REMOVE_CVS_FROM_RESOURCES\=YES
    export REMOVE_GIT_FROM_RESOURCES\=YES
    export REMOVE_HEADERS_FROM_EMBEDDED_BUNDLES\=YES
    export REMOVE_HG_FROM_RESOURCES\=YES
    export REMOVE_SVN_FROM_RESOURCES\=YES
    export RESCHEDULE_INDEPENDENT_HEADERS_PHASES\=YES
    export SCAN_ALL_SOURCE_FILES_FOR_INCLUDES\=NO
    export SDKROOT\=/Applications/Xcode.app/Contents/Developer/Platforms/iPhoneOS.platform/Developer/SDKs/iPhoneOS18.4.sdk
    export SDK_STAT_CACHE_ENABLE\=YES
    export SEPARATE_STRIP\=NO
    export SEPARATE_SYMBOL_EDIT\=NO
    export SHARED_DERIVED_FILE_DIR\=/Users/bhanu/Documents/Himanshu/SHWireGuardKit/build/Release-iphoneos/DerivedSources
    export SHARED_PRECOMPS_DIR\=/Users/bhanu/Library/Developer/Xcode/DerivedData/SHWireGuardKit-ampupfhwtfrropejammkmbqhrrlj/Build/Intermediates.noindex/PrecompiledHeaders
    export SKIP_INSTALL\=YES
    export SOURCE_ROOT\=/Users/bhanu/Documents/Himanshu/SHWireGuardKit
    export SRCROOT\=/Users/bhanu/Documents/Himanshu/SHWireGuardKit
    export STRINGSDATA_DIR\=/
    export STRINGSDATA_ROOT\=/Users/bhanu/Documents/Himanshu/SHWireGuardKit/build/SHWireGuardKit.build/Release-iphoneos/WireGuardBridgeiOS.build
    export STRINGS_FILE_INFOPLIST_RENAME\=YES
    export STRINGS_FILE_OUTPUT_ENCODING\=binary
    export STRIP_BITCODE_FROM_COPIED_FILES\=YES
    export STRIP_INSTALLED_PRODUCT\=YES
    export STRIP_STYLE\=all
    export STRIP_SWIFT_SYMBOLS\=YES
    export SUPPORTED_PLATFORMS\=iphoneos\ iphonesimulator
    export SUPPORTS_MACCATALYST\=YES
    export SUPPORTS_MAC_DESIGNED_FOR_IPHONE_IPAD\=YES
    export SUPPORTS_TEXT_BASED_API\=NO
    export SUPPORTS_XR_DESIGNED_FOR_IPHONE_IPAD\=YES
    export SUPPRESS_WARNINGS\=NO
    export SWIFT_COMPILATION_MODE\=wholemodule
    export SWIFT_EMIT_LOC_STRINGS\=NO
    export SWIFT_OPTIMIZATION_LEVEL\=-O
    export SWIFT_PLATFORM_TARGET_PREFIX\=ios
    export SWIFT_RESPONSE_FILE_PATH_normal_arm64\=/Users/bhanu/Documents/Himanshu/SHWireGuardKit/build/SHWireGuardKit.build/Release-iphoneos/WireGuardBridgeiOS.build/Objects-normal/arm64/WireGuardBridgeiOS.SwiftFileList
    export SYMROOT\=/Users/bhanu/Documents/Himanshu/SHWireGuardKit/build
    export SYSTEM_ADMIN_APPS_DIR\=/Applications/Utilities
    export SYSTEM_APPS_DIR\=/Applications
    export SYSTEM_CORE_SERVICES_DIR\=/System/Library/CoreServices
    export SYSTEM_DEMOS_DIR\=/Applications/Extras
    export SYSTEM_DEVELOPER_APPS_DIR\=/Applications/Xcode.app/Contents/Developer/Applications
    export SYSTEM_DEVELOPER_BIN_DIR\=/Applications/Xcode.app/Contents/Developer/usr/bin
    export SYSTEM_DEVELOPER_DEMOS_DIR\=/Applications/Xcode.app/Contents/Developer/Applications/Utilities/Built\ Examples
    export SYSTEM_DEVELOPER_DIR\=/Applications/Xcode.app/Contents/Developer
    export SYSTEM_DEVELOPER_DOC_DIR\=/Applications/Xcode.app/Contents/Developer/ADC\ Reference\ Library
    export SYSTEM_DEVELOPER_GRAPHICS_TOOLS_DIR\=/Applications/Xcode.app/Contents/Developer/Applications/Graphics\ Tools
    export SYSTEM_DEVELOPER_JAVA_TOOLS_DIR\=/Applications/Xcode.app/Contents/Developer/Applications/Java\ Tools
    export SYSTEM_DEVELOPER_PERFORMANCE_TOOLS_DIR\=/Applications/Xcode.app/Contents/Developer/Applications/Performance\ Tools
    export SYSTEM_DEVELOPER_RELEASENOTES_DIR\=/Applications/Xcode.app/Contents/Developer/ADC\ Reference\ Library/releasenotes
    export SYSTEM_DEVELOPER_TOOLS\=/Applications/Xcode.app/Contents/Developer/Tools
    export SYSTEM_DEVELOPER_TOOLS_DOC_DIR\=/Applications/Xcode.app/Contents/Developer/ADC\ Reference\ Library/documentation/DeveloperTools
    export SYSTEM_DEVELOPER_TOOLS_RELEASENOTES_DIR\=/Applications/Xcode.app/Contents/Developer/ADC\ Reference\ Library/releasenotes/DeveloperTools
    export SYSTEM_DEVELOPER_USR_DIR\=/Applications/Xcode.app/Contents/Developer/usr
    export SYSTEM_DEVELOPER_UTILITIES_DIR\=/Applications/Xcode.app/Contents/Developer/Applications/Utilities
    export SYSTEM_DEXT_INSTALL_PATH\=/System/Library/DriverExtensions
    export SYSTEM_DOCUMENTATION_DIR\=/Library/Documentation
    export SYSTEM_KEXT_INSTALL_PATH\=/System/Library/Extensions
    export SYSTEM_LIBRARY_DIR\=/System/Library
    export TAPI_DEMANGLE\=YES
    export TAPI_ENABLE_PROJECT_HEADERS\=NO
    export TAPI_LANGUAGE\=objective-c
    export TAPI_LANGUAGE_STANDARD\=compiler-default
    export TAPI_VERIFY_MODE\=Pedantic
    export TARGETED_DEVICE_FAMILY\=1
    export TARGETNAME\=WireGuardBridgeiOS
    export TARGET_BUILD_DIR\=/Users/bhanu/Documents/Himanshu/SHWireGuardKit/build/Release-iphoneos
    export TARGET_NAME\=WireGuardBridgeiOS
    export TARGET_TEMP_DIR\=/Users/bhanu/Documents/Himanshu/SHWireGuardKit/build/SHWireGuardKit.build/Release-iphoneos/WireGuardBridgeiOS.build
    export TEMP_DIR\=/Users/bhanu/Documents/Himanshu/SHWireGuardKit/build/SHWireGuardKit.build/Release-iphoneos/WireGuardBridgeiOS.build
    export TEMP_FILES_DIR\=/Users/bhanu/Documents/Himanshu/SHWireGuardKit/build/SHWireGuardKit.build/Release-iphoneos/WireGuardBridgeiOS.build
    export TEMP_FILE_DIR\=/Users/bhanu/Documents/Himanshu/SHWireGuardKit/build/SHWireGuardKit.build/Release-iphoneos/WireGuardBridgeiOS.build
    export TEMP_ROOT\=/Users/bhanu/Documents/Himanshu/SHWireGuardKit/build
    export TEMP_SANDBOX_DIR\=/Users/bhanu/Documents/Himanshu/SHWireGuardKit/build/TemporaryTaskSandboxes
    export TOOLCHAIN_DIR\=/Applications/Xcode.app/Contents/Developer/Toolchains/XcodeDefault.xctoolchain
    export TREAT_MISSING_BASELINES_AS_TEST_FAILURES\=NO
    export TREAT_MISSING_SCRIPT_PHASE_OUTPUTS_AS_ERRORS\=NO
    export UID\=502
    export UNINSTALLED_PRODUCTS_DIR\=/Users/bhanu/Documents/Himanshu/SHWireGuardKit/build/UninstalledProducts
    export USER\=bhanu
    export USER_APPS_DIR\=/Users/bhanu/Applications
    export USER_LIBRARY_DIR\=/Users/bhanu/Library
    export USE_HEADERMAP\=YES
    export VALIDATE_DEVELOPMENT_ASSET_PATHS\=YES_ERROR
    export VALID_ARCHS\=arm64\ arm64e\ armv7\ armv7s
    export VERSIONING_SYSTEM\=apple-generic
    export WORKSPACE_DIR\=/Users/bhanu/Documents/Himanshu/SHWireGuardKit/SHWireGuardKit.xcodeproj
    export WRAP_ASSET_PACKS_IN_SEPARATE_DIRECTORIES\=NO
    export XCODE_APP_SUPPORT_DIR\=/Applications/Xcode.app/Contents/Developer/Library/Xcode
    export XCODE_PRODUCT_BUILD_VERSION\=16E140
    export XCODE_VERSION_ACTUAL\=1630
    export XCODE_VERSION_MAJOR\=1600
    export XCODE_VERSION_MINOR\=1630
    export _DISCOVER_COMMAND_LINE_LINKER_INPUTS\=YES
    export _DISCOVER_COMMAND_LINE_LINKER_INPUTS_INCLUDE_WL\=YES
    export __DIAGNOSE_DEPRECATED_ARCHS\=YES
    export arch\=undefined_arch
    export variant\=normal
    /usr/bin/make
mkdir -p "/Users/bhanu/Documents/Himanshu/SHWireGuardKit/build/SHWireGuardKit.build/Release-iphoneos/wireguard-go-bridge/go-1.20.3/"
flock "/Users/bhanu/Documents/Himanshu/SHWireGuardKit/build/SHWireGuardKit.build/Release-iphoneos/wireguard-go-bridge/go-1.20.3/.prepared.lock" -c ' \
	[ -f "/Users/bhanu/Documents/Himanshu/SHWireGuardKit/build/SHWireGuardKit.build/Release-iphoneos/wireguard-go-bridge/go-1.20.3/.prepared" ] && exit 0; \
	tar -C "/Users/bhanu/Documents/Himanshu/SHWireGuardKit/build/SHWireGuardKit.build/Release-iphoneos/wireguard-go-bridge/go-1.20.3/" --strip-components=1 -xzf "/var/folders/tp/6gvktp154tg02cjdxmbxktph0000gp/C/com.apple.DeveloperTools/16.3-16E140/Xcode/go1.20.3.darwin-amd64.tar.gz" && \
	patch -p1 -f -N -r- -d "/Users/bhanu/Documents/Himanshu/SHWireGuardKit/build/SHWireGuardKit.build/Release-iphoneos/wireguard-go-bridge/go-1.20.3/" < goruntime-boottime-over-monotonic.diff && \
	touch "/Users/bhanu/Documents/Himanshu/SHWireGuardKit/build/SHWireGuardKit.build/Release-iphoneos/wireguard-go-bridge/go-1.20.3/.prepared"'
patching file 'src/runtime/sys_darwin.go'
patching file 'src/runtime/sys_darwin_amd64.s'
patching file 'src/runtime/sys_darwin_arm64.s'
go build -ldflags=-w -trimpath -v -o "/Users/bhanu/Documents/Himanshu/SHWireGuardKit/build/SHWireGuardKit.build/Release-iphoneos/wireguard-go-bridge/libwg-go-arm64.a" -buildmode c-archive
go: no such tool "compile"
go: no such tool "compile"
make: *** [/Users/bhanu/Documents/Himanshu/SHWireGuardKit/build/SHWireGuardKit.build/Release-iphoneos/wireguard-go-bridge/libwg-go-arm64.a] Error 2
Command ExternalBuildToolExecution failed with a nonzero exit code

WriteAuxiliaryFile /Users/bhanu/Documents/Himanshu/SHWireGuardKit/build/SHWireGuardKit.build/Release-iphoneos/SHWireGuardKitiOS.build/unextended-module.modulemap (in target 'SHWireGuardKitiOS' from project 'SHWireGuardKit')
    cd /Users/bhanu/Documents/Himanshu/SHWireGuardKit
    write-file /Users/bhanu/Documents/Himanshu/SHWireGuardKit/build/SHWireGuardKit.build/Release-iphoneos/SHWireGuardKitiOS.build/unextended-module.modulemap

WriteAuxiliaryFile /Users/bhanu/Documents/Himanshu/SHWireGuardKit/build/SHWireGuardKit.build/Release-iphoneos/SHWireGuardKitiOS.build/module.modulemap (in target 'SHWireGuardKitiOS' from project 'SHWireGuardKit')
    cd /Users/bhanu/Documents/Himanshu/SHWireGuardKit
    write-file /Users/bhanu/Documents/Himanshu/SHWireGuardKit/build/SHWireGuardKit.build/Release-iphoneos/SHWireGuardKitiOS.build/module.modulemap

WriteAuxiliaryFile /Users/bhanu/Documents/Himanshu/SHWireGuardKit/build/SHWireGuardKit.build/Release-iphoneos/SHWireGuardKitiOS.build/unextended-module-overlay.yaml (in target 'SHWireGuardKitiOS' from project 'SHWireGuardKit')
    cd /Users/bhanu/Documents/Himanshu/SHWireGuardKit
    write-file /Users/bhanu/Documents/Himanshu/SHWireGuardKit/build/SHWireGuardKit.build/Release-iphoneos/SHWireGuardKitiOS.build/unextended-module-overlay.yaml

WriteAuxiliaryFile /Users/bhanu/Documents/Himanshu/SHWireGuardKit/build/SHWireGuardKit.build/Release-iphoneos/SHWireGuardKitiOS.build/empty-SHWireGuardKit.plist (in target 'SHWireGuardKitiOS' from project 'SHWireGuardKit')
    cd /Users/bhanu/Documents/Himanshu/SHWireGuardKit
    write-file /Users/bhanu/Documents/Himanshu/SHWireGuardKit/build/SHWireGuardKit.build/Release-iphoneos/SHWireGuardKitiOS.build/empty-SHWireGuardKit.plist

WriteAuxiliaryFile /Users/bhanu/Documents/Himanshu/SHWireGuardKit/build/SHWireGuardKit.build/Release-iphoneos/SHWireGuardKitiOS.build/SHWireGuardKit.hmap (in target 'SHWireGuardKitiOS' from project 'SHWireGuardKit')
    cd /Users/bhanu/Documents/Himanshu/SHWireGuardKit
    write-file /Users/bhanu/Documents/Himanshu/SHWireGuardKit/build/SHWireGuardKit.build/Release-iphoneos/SHWireGuardKitiOS.build/SHWireGuardKit.hmap

WriteAuxiliaryFile /Users/bhanu/Documents/Himanshu/SHWireGuardKit/build/SHWireGuardKit.build/Release-iphoneos/SHWireGuardKitiOS.build/SHWireGuardKit.DependencyStaticMetadataFileList (in target 'SHWireGuardKitiOS' from project 'SHWireGuardKit')
    cd /Users/bhanu/Documents/Himanshu/SHWireGuardKit
    write-file /Users/bhanu/Documents/Himanshu/SHWireGuardKit/build/SHWireGuardKit.build/Release-iphoneos/SHWireGuardKitiOS.build/SHWireGuardKit.DependencyStaticMetadataFileList

WriteAuxiliaryFile /Users/bhanu/Documents/Himanshu/SHWireGuardKit/build/SHWireGuardKit.build/Release-iphoneos/SHWireGuardKitiOS.build/SHWireGuardKit.DependencyMetadataFileList (in target 'SHWireGuardKitiOS' from project 'SHWireGuardKit')
    cd /Users/bhanu/Documents/Himanshu/SHWireGuardKit
    write-file /Users/bhanu/Documents/Himanshu/SHWireGuardKit/build/SHWireGuardKit.build/Release-iphoneos/SHWireGuardKitiOS.build/SHWireGuardKit.DependencyMetadataFileList

WriteAuxiliaryFile /Users/bhanu/Documents/Himanshu/SHWireGuardKit/build/SHWireGuardKit.build/Release-iphoneos/SHWireGuardKitiOS.build/SHWireGuardKit-project-headers.hmap (in target 'SHWireGuardKitiOS' from project 'SHWireGuardKit')
    cd /Users/bhanu/Documents/Himanshu/SHWireGuardKit
    write-file /Users/bhanu/Documents/Himanshu/SHWireGuardKit/build/SHWireGuardKit.build/Release-iphoneos/SHWireGuardKitiOS.build/SHWireGuardKit-project-headers.hmap

WriteAuxiliaryFile /Users/bhanu/Documents/Himanshu/SHWireGuardKit/build/SHWireGuardKit.build/Release-iphoneos/SHWireGuardKitiOS.build/SHWireGuardKit-generated-files.hmap (in target 'SHWireGuardKitiOS' from project 'SHWireGuardKit')
    cd /Users/bhanu/Documents/Himanshu/SHWireGuardKit
    write-file /Users/bhanu/Documents/Himanshu/SHWireGuardKit/build/SHWireGuardKit.build/Release-iphoneos/SHWireGuardKitiOS.build/SHWireGuardKit-generated-files.hmap

WriteAuxiliaryFile /Users/bhanu/Documents/Himanshu/SHWireGuardKit/build/SHWireGuardKit.build/Release-iphoneos/SHWireGuardKitiOS.build/SHWireGuardKit-own-target-headers.hmap (in target 'SHWireGuardKitiOS' from project 'SHWireGuardKit')
    cd /Users/bhanu/Documents/Himanshu/SHWireGuardKit
    write-file /Users/bhanu/Documents/Himanshu/SHWireGuardKit/build/SHWireGuardKit.build/Release-iphoneos/SHWireGuardKitiOS.build/SHWireGuardKit-own-target-headers.hmap

WriteAuxiliaryFile /Users/bhanu/Documents/Himanshu/SHWireGuardKit/build/SHWireGuardKit.build/Release-iphoneos/SHWireGuardKitiOS.build/SHWireGuardKit-all-target-headers.hmap (in target 'SHWireGuardKitiOS' from project 'SHWireGuardKit')
    cd /Users/bhanu/Documents/Himanshu/SHWireGuardKit
    write-file /Users/bhanu/Documents/Himanshu/SHWireGuardKit/build/SHWireGuardKit.build/Release-iphoneos/SHWireGuardKitiOS.build/SHWireGuardKit-all-target-headers.hmap

WriteAuxiliaryFile /Users/bhanu/Documents/Himanshu/SHWireGuardKit/build/SHWireGuardKit.build/Release-iphoneos/SHWireGuardKitiOS.build/SHWireGuardKit-all-non-framework-target-headers.hmap (in target 'SHWireGuardKitiOS' from project 'SHWireGuardKit')
    cd /Users/bhanu/Documents/Himanshu/SHWireGuardKit
    write-file /Users/bhanu/Documents/Himanshu/SHWireGuardKit/build/SHWireGuardKit.build/Release-iphoneos/SHWireGuardKitiOS.build/SHWireGuardKit-all-non-framework-target-headers.hmap

WriteAuxiliaryFile /Users/bhanu/Documents/Himanshu/SHWireGuardKit/build/SHWireGuardKit.build/Release-iphoneos/SHWireGuardKitiOS.build/Objects-normal/arm64/SHWireGuardKitiOS_const_extract_protocols.json (in target 'SHWireGuardKitiOS' from project 'SHWireGuardKit')
    cd /Users/bhanu/Documents/Himanshu/SHWireGuardKit
    write-file /Users/bhanu/Documents/Himanshu/SHWireGuardKit/build/SHWireGuardKit.build/Release-iphoneos/SHWireGuardKitiOS.build/Objects-normal/arm64/SHWireGuardKitiOS_const_extract_protocols.json

WriteAuxiliaryFile /Users/bhanu/Documents/Himanshu/SHWireGuardKit/build/SHWireGuardKit.build/Release-iphoneos/SHWireGuardKitiOS.build/Objects-normal/arm64/SHWireGuardKitiOS-OutputFileMap.json (in target 'SHWireGuardKitiOS' from project 'SHWireGuardKit')
    cd /Users/bhanu/Documents/Himanshu/SHWireGuardKit
    write-file /Users/bhanu/Documents/Himanshu/SHWireGuardKit/build/SHWireGuardKit.build/Release-iphoneos/SHWireGuardKitiOS.build/Objects-normal/arm64/SHWireGuardKitiOS-OutputFileMap.json

WriteAuxiliaryFile /Users/bhanu/Documents/Himanshu/SHWireGuardKit/build/SHWireGuardKit.build/Release-iphoneos/SHWireGuardKitiOS.build/Objects-normal/arm64/SHWireGuardKit.SwiftFileList (in target 'SHWireGuardKitiOS' from project 'SHWireGuardKit')
    cd /Users/bhanu/Documents/Himanshu/SHWireGuardKit
    write-file /Users/bhanu/Documents/Himanshu/SHWireGuardKit/build/SHWireGuardKit.build/Release-iphoneos/SHWireGuardKitiOS.build/Objects-normal/arm64/SHWireGuardKit.SwiftFileList

WriteAuxiliaryFile /Users/bhanu/Documents/Himanshu/SHWireGuardKit/build/SHWireGuardKit.build/Release-iphoneos/SHWireGuardKitiOS.build/Objects-normal/arm64/SHWireGuardKit.SwiftConstValuesFileList (in target 'SHWireGuardKitiOS' from project 'SHWireGuardKit')
    cd /Users/bhanu/Documents/Himanshu/SHWireGuardKit
    write-file /Users/bhanu/Documents/Himanshu/SHWireGuardKit/build/SHWireGuardKit.build/Release-iphoneos/SHWireGuardKitiOS.build/Objects-normal/arm64/SHWireGuardKit.SwiftConstValuesFileList

WriteAuxiliaryFile /Users/bhanu/Documents/Himanshu/SHWireGuardKit/build/SHWireGuardKit.build/Release-iphoneos/SHWireGuardKitiOS.build/Objects-normal/arm64/SHWireGuardKit.LinkFileList (in target 'SHWireGuardKitiOS' from project 'SHWireGuardKit')
    cd /Users/bhanu/Documents/Himanshu/SHWireGuardKit
    write-file /Users/bhanu/Documents/Himanshu/SHWireGuardKit/build/SHWireGuardKit.build/Release-iphoneos/SHWireGuardKitiOS.build/Objects-normal/arm64/SHWireGuardKit.LinkFileList

WriteAuxiliaryFile /Users/bhanu/Documents/Himanshu/SHWireGuardKit/build/SHWireGuardKit.build/Release-iphoneos/SHWireGuardKitiOS.build/Objects-normal/arm64/7187679823f38a2a940e0043cdf9d637-common-args.resp (in target 'SHWireGuardKitiOS' from project 'SHWireGuardKit')
    cd /Users/bhanu/Documents/Himanshu/SHWireGuardKit
    write-file /Users/bhanu/Documents/Himanshu/SHWireGuardKit/build/SHWireGuardKit.build/Release-iphoneos/SHWireGuardKitiOS.build/Objects-normal/arm64/7187679823f38a2a940e0043cdf9d637-common-args.resp
-target arm64-apple-ios12.0 '-std=gnu11' -fmodules -gmodules '-fmodules-cache-path=/Users/bhanu/Library/Developer/Xcode/DerivedData/ModuleCache.noindex' '-fmodule-name=SHWireGuardKit' -fapplication-extension -fpascal-strings -Os -fno-common -isysroot /Applications/Xcode.app/Contents/Developer/Platforms/iPhoneOS.platform/Developer/SDKs/iPhoneOS18.4.sdk -g -iquote /Users/bhanu/Documents/Himanshu/SHWireGuardKit/build/SHWireGuardKit.build/Release-iphoneos/SHWireGuardKitiOS.build/SHWireGuardKit-generated-files.hmap -I/Users/bhanu/Documents/Himanshu/SHWireGuardKit/build/SHWireGuardKit.build/Release-iphoneos/SHWireGuardKitiOS.build/SHWireGuardKit-own-target-headers.hmap -I/Users/bhanu/Documents/Himanshu/SHWireGuardKit/build/SHWireGuardKit.build/Release-iphoneos/SHWireGuardKitiOS.build/SHWireGuardKit-all-non-framework-target-headers.hmap -ivfsoverlay /Users/bhanu/Documents/Himanshu/SHWireGuardKit/build/SHWireGuardKit.build/Release-iphoneos/SHWireGuardKit-f4456a5a508a0a01ff90f1eecfcc9675-VFS-iphoneos/all-product-headers.yaml -iquote /Users/bhanu/Documents/Himanshu/SHWireGuardKit/build/SHWireGuardKit.build/Release-iphoneos/SHWireGuardKitiOS.build/SHWireGuardKit-project-headers.hmap -I/Users/bhanu/Documents/Himanshu/SHWireGuardKit/build/Release-iphoneos/include -I/Users/bhanu/Documents/Himanshu/SHWireGuardKit/build/SHWireGuardKit.build/Release-iphoneos/SHWireGuardKitiOS.build/DerivedSources-normal/arm64 -I/Users/bhanu/Documents/Himanshu/SHWireGuardKit/build/SHWireGuardKit.build/Release-iphoneos/SHWireGuardKitiOS.build/DerivedSources/arm64 -I/Users/bhanu/Documents/Himanshu/SHWireGuardKit/build/SHWireGuardKit.build/Release-iphoneos/SHWireGuardKitiOS.build/DerivedSources -F/Users/bhanu/Documents/Himanshu/SHWireGuardKit/build/Release-iphoneos

WriteAuxiliaryFile /Users/bhanu/Documents/Himanshu/SHWireGuardKit/build/SHWireGuardKit.build/Release-iphoneos/SHWireGuardKitiOS.build/DerivedSources/SHWireGuardKit_vers.c (in target 'SHWireGuardKitiOS' from project 'SHWireGuardKit')
    cd /Users/bhanu/Documents/Himanshu/SHWireGuardKit
    write-file /Users/bhanu/Documents/Himanshu/SHWireGuardKit/build/SHWireGuardKit.build/Release-iphoneos/SHWireGuardKitiOS.build/DerivedSources/SHWireGuardKit_vers.c

CpHeader /Users/bhanu/Documents/Himanshu/SHWireGuardKit/build/Release-iphoneos/SHWireGuardKit.framework/Headers/x25519.h /Users/bhanu/Documents/Himanshu/SHWireGuardKit/wireguard/Sources/WireGuardKitC/x25519.h (in target 'SHWireGuardKitiOS' from project 'SHWireGuardKit')
    cd /Users/bhanu/Documents/Himanshu/SHWireGuardKit
    builtin-copy -exclude .DS_Store -exclude CVS -exclude .svn -exclude .git -exclude .hg -resolve-src-symlinks /Users/bhanu/Documents/Himanshu/SHWireGuardKit/wireguard/Sources/WireGuardKitC/x25519.h /Users/bhanu/Documents/Himanshu/SHWireGuardKit/build/Release-iphoneos/SHWireGuardKit.framework/Headers

CpHeader /Users/bhanu/Documents/Himanshu/SHWireGuardKit/build/Release-iphoneos/SHWireGuardKit.framework/Headers/wireguard.h /Users/bhanu/Documents/Himanshu/SHWireGuardKit/wireguard/Sources/WireGuardKitGo/wireguard.h (in target 'SHWireGuardKitiOS' from project 'SHWireGuardKit')
    cd /Users/bhanu/Documents/Himanshu/SHWireGuardKit
    builtin-copy -exclude .DS_Store -exclude CVS -exclude .svn -exclude .git -exclude .hg -resolve-src-symlinks /Users/bhanu/Documents/Himanshu/SHWireGuardKit/wireguard/Sources/WireGuardKitGo/wireguard.h /Users/bhanu/Documents/Himanshu/SHWireGuardKit/build/Release-iphoneos/SHWireGuardKit.framework/Headers

CpHeader /Users/bhanu/Documents/Himanshu/SHWireGuardKit/build/Release-iphoneos/SHWireGuardKit.framework/Headers/ringlogger.h /Users/bhanu/Documents/Himanshu/SHWireGuardKit/wireguard/Sources/Shared/Logging/ringlogger.h (in target 'SHWireGuardKitiOS' from project 'SHWireGuardKit')
    cd /Users/bhanu/Documents/Himanshu/SHWireGuardKit
    builtin-copy -exclude .DS_Store -exclude CVS -exclude .svn -exclude .git -exclude .hg -resolve-src-symlinks /Users/bhanu/Documents/Himanshu/SHWireGuardKit/wireguard/Sources/Shared/Logging/ringlogger.h /Users/bhanu/Documents/Himanshu/SHWireGuardKit/build/Release-iphoneos/SHWireGuardKit.framework/Headers

CpHeader /Users/bhanu/Documents/Himanshu/SHWireGuardKit/build/Release-iphoneos/SHWireGuardKit.framework/Headers/key.h /Users/bhanu/Documents/Himanshu/SHWireGuardKit/wireguard/Sources/WireGuardKitC/key.h (in target 'SHWireGuardKitiOS' from project 'SHWireGuardKit')
    cd /Users/bhanu/Documents/Himanshu/SHWireGuardKit
    builtin-copy -exclude .DS_Store -exclude CVS -exclude .svn -exclude .git -exclude .hg -resolve-src-symlinks /Users/bhanu/Documents/Himanshu/SHWireGuardKit/wireguard/Sources/WireGuardKitC/key.h /Users/bhanu/Documents/Himanshu/SHWireGuardKit/build/Release-iphoneos/SHWireGuardKit.framework/Headers

CpHeader /Users/bhanu/Documents/Himanshu/SHWireGuardKit/build/Release-iphoneos/SHWireGuardKit.framework/Headers/WireGuardKitC.h /Users/bhanu/Documents/Himanshu/SHWireGuardKit/wireguard/Sources/WireGuardKitC/WireGuardKitC.h (in target 'SHWireGuardKitiOS' from project 'SHWireGuardKit')
    cd /Users/bhanu/Documents/Himanshu/SHWireGuardKit
    builtin-copy -exclude .DS_Store -exclude CVS -exclude .svn -exclude .git -exclude .hg -resolve-src-symlinks /Users/bhanu/Documents/Himanshu/SHWireGuardKit/wireguard/Sources/WireGuardKitC/WireGuardKitC.h /Users/bhanu/Documents/Himanshu/SHWireGuardKit/build/Release-iphoneos/SHWireGuardKit.framework/Headers

CpHeader /Users/bhanu/Documents/Himanshu/SHWireGuardKit/build/Release-iphoneos/SHWireGuardKit.framework/Headers/SHWireGuardKit.h /Users/bhanu/Documents/Himanshu/SHWireGuardKit/SHWireGuardKit/SHWireGuardKit.h (in target 'SHWireGuardKitiOS' from project 'SHWireGuardKit')
    cd /Users/bhanu/Documents/Himanshu/SHWireGuardKit
    builtin-copy -exclude .DS_Store -exclude CVS -exclude .svn -exclude .git -exclude .hg -resolve-src-symlinks /Users/bhanu/Documents/Himanshu/SHWireGuardKit/SHWireGuardKit/SHWireGuardKit.h /Users/bhanu/Documents/Himanshu/SHWireGuardKit/build/Release-iphoneos/SHWireGuardKit.framework/Headers

Copy /Users/bhanu/Documents/Himanshu/SHWireGuardKit/build/Release-iphoneos/SHWireGuardKit.framework/Modules/module.modulemap /Users/bhanu/Documents/Himanshu/SHWireGuardKit/build/SHWireGuardKit.build/Release-iphoneos/SHWireGuardKitiOS.build/module.modulemap (in target 'SHWireGuardKitiOS' from project 'SHWireGuardKit')
    cd /Users/bhanu/Documents/Himanshu/SHWireGuardKit
    builtin-copy -exclude .DS_Store -exclude CVS -exclude .svn -exclude .git -exclude .hg -resolve-src-symlinks /Users/bhanu/Documents/Himanshu/SHWireGuardKit/build/SHWireGuardKit.build/Release-iphoneos/SHWireGuardKitiOS.build/module.modulemap /Users/bhanu/Documents/Himanshu/SHWireGuardKit/build/Release-iphoneos/SHWireGuardKit.framework/Modules

MkDir /Users/bhanu/Documents/Himanshu/SHWireGuardKit/build/Release-iphoneos/SHWireGuardKit.framework/Headers (in target 'SHWireGuardKitiOS' from project 'SHWireGuardKit')
    cd /Users/bhanu/Documents/Himanshu/SHWireGuardKit
    /bin/mkdir -p /Users/bhanu/Documents/Himanshu/SHWireGuardKit/build/Release-iphoneos/SHWireGuardKit.framework/Headers

MkDir /Users/bhanu/Documents/Himanshu/SHWireGuardKit/build/Release-iphoneos/SHWireGuardKit.framework (in target 'SHWireGuardKitiOS' from project 'SHWireGuardKit')
    cd /Users/bhanu/Documents/Himanshu/SHWireGuardKit
    /bin/mkdir -p /Users/bhanu/Documents/Himanshu/SHWireGuardKit/build/Release-iphoneos/SHWireGuardKit.framework

error: Internal inconsistency error: never received target ended message for target ID '1' (in target 'WireGuardBridgeiOS' from project 'SHWireGuardKit').
note: Disabling previews because SWIFT_VERSION is set and SWIFT_OPTIMIZATION_LEVEL=-O, expected -Onone (in target 'SHWireGuardKitiOS' from project 'SHWireGuardKit')
** BUILD INTERRUPTED **


The following build commands failed:
	ExternalBuildToolExecution WireGuardBridgeiOS (in target 'WireGuardBridgeiOS' from project 'SHWireGuardKit')
(1 failure)
